::ffff:192.168.1.2 - - [09/Sep/2024:05:56:12 +0000] "GET /api/v1/places?status=true&star=true HTTP/1.1" 304 - "-" "okhttp/4.9.2"
::ffff:192.168.1.2 - - [09/Sep/2024:05:56:12 +0000] "GET /api/v1/places?status=true HTTP/1.1" 304 - "-" "okhttp/4.9.2"
::ffff:192.168.1.2 - - [09/Sep/2024:05:56:28 +0000] "GET /api/v1/place-categories? HTTP/1.1" 304 - "-" "okhttp/4.9.2"
::ffff:192.168.1.2 - - [09/Sep/2024:05:56:28 +0000] "GET /api/v1/rates/top-rated-places HTTP/1.1" 304 - "-" "okhttp/4.9.2"
::ffff:192.168.1.2 - - [09/Sep/2024:05:56:28 +0000] "GET /api/v1/places?status=true HTTP/1.1" 304 - "-" "okhttp/4.9.2"
::ffff:192.168.1.2 - - [09/Sep/2024:05:56:28 +0000] "GET /api/v1/places?status=true HTTP/1.1" 304 - "-" "okhttp/4.9.2"
::ffff:192.168.1.2 - - [09/Sep/2024:05:56:28 +0000] "GET /api/v1/places?status=true&star=true HTTP/1.1" 304 - "-" "okhttp/4.9.2"
::ffff:192.168.1.2 - - [09/Sep/2024:05:56:28 +0000] "GET /api/v1/places/random-place-categories HTTP/1.1" 200 22359 "-" "okhttp/4.9.2"
::ffff:192.168.1.2 - - [09/Sep/2024:05:57:38 +0000] "GET /api/v1/place-categories? HTTP/1.1" 304 - "-" "okhttp/4.9.2"
::ffff:192.168.1.2 - - [09/Sep/2024:05:57:38 +0000] "GET /api/v1/places?status=true&star=true HTTP/1.1" 304 - "-" "okhttp/4.9.2"
::ffff:192.168.1.2 - - [09/Sep/2024:05:57:38 +0000] "GET /api/v1/places?status=true HTTP/1.1" 304 - "-" "okhttp/4.9.2"
::ffff:192.168.1.2 - - [09/Sep/2024:05:57:38 +0000] "GET /api/v1/places?status=true HTTP/1.1" 304 - "-" "okhttp/4.9.2"
::ffff:192.168.1.2 - - [09/Sep/2024:05:57:38 +0000] "GET /api/v1/rates/top-rated-places HTTP/1.1" 304 - "-" "okhttp/4.9.2"
::ffff:192.168.1.2 - - [09/Sep/2024:05:57:38 +0000] "GET /api/v1/places/random-place-categories HTTP/1.1" 200 22359 "-" "okhttp/4.9.2"
::ffff:192.168.1.2 - - [09/Sep/2024:05:57:43 +0000] "GET /api/v1/place-categories? HTTP/1.1" 304 - "-" "okhttp/4.9.2"
::ffff:192.168.1.2 - - [09/Sep/2024:05:57:43 +0000] "GET /api/v1/rates/top-rated-places HTTP/1.1" 304 - "-" "okhttp/4.9.2"
::ffff:192.168.1.2 - - [09/Sep/2024:05:57:43 +0000] "GET /api/v1/places?status=true HTTP/1.1" 304 - "-" "okhttp/4.9.2"
::ffff:192.168.1.2 - - [09/Sep/2024:05:57:43 +0000] "GET /api/v1/places?status=true&star=true HTTP/1.1" 304 - "-" "okhttp/4.9.2"
::ffff:192.168.1.2 - - [09/Sep/2024:05:57:43 +0000] "GET /api/v1/places?status=true HTTP/1.1" 304 - "-" "okhttp/4.9.2"
::ffff:192.168.1.2 - - [09/Sep/2024:05:57:43 +0000] "GET /api/v1/places/random-place-categories HTTP/1.1" 200 12169 "-" "okhttp/4.9.2"
::ffff:192.168.1.2 - - [09/Sep/2024:05:58:48 +0000] "GET /api/v1/places/nearbysearch?location=48.39350882977644,107.06994865089655&radius=50 HTTP/1.1" 200 26 "-" "okhttp/4.9.2"
::ffff:192.168.1.2 - - [09/Sep/2024:05:59:45 +0000] "GET /api/v1/places/nearbysearch?location=48.39350882977644,107.06994865089655&radius=50 HTTP/1.1" 304 - "-" "okhttp/4.9.2"
::ffff:192.168.1.2 - - [09/Sep/2024:05:59:46 +0000] "GET /api/v1/place-categories? HTTP/1.1" 304 - "-" "okhttp/4.9.2"
::ffff:192.168.1.2 - - [09/Sep/2024:05:59:46 +0000] "GET /api/v1/places?status=true HTTP/1.1" 304 - "-" "okhttp/4.9.2"
::ffff:192.168.1.2 - - [09/Sep/2024:05:59:46 +0000] "GET /api/v1/places?status=true&star=true HTTP/1.1" 304 - "-" "okhttp/4.9.2"
::ffff:192.168.1.2 - - [09/Sep/2024:05:59:46 +0000] "GET /api/v1/rates/top-rated-places HTTP/1.1" 304 - "-" "okhttp/4.9.2"
::ffff:192.168.1.2 - - [09/Sep/2024:05:59:46 +0000] "GET /api/v1/places/random-place-categories HTTP/1.1" 200 16956 "-" "okhttp/4.9.2"
::ffff:192.168.1.2 - - [09/Sep/2024:05:59:46 +0000] "GET /api/v1/places?status=true HTTP/1.1" 304 - "-" "okhttp/4.9.2"
::ffff:192.168.1.2 - - [09/Sep/2024:06:00:14 +0000] "GET /api/v1/rates/top-rated-places HTTP/1.1" 304 - "-" "okhttp/4.9.2"
::ffff:192.168.1.2 - - [09/Sep/2024:06:00:14 +0000] "GET /api/v1/place-categories? HTTP/1.1" 304 - "-" "okhttp/4.9.2"
::ffff:192.168.1.2 - - [09/Sep/2024:06:00:14 +0000] "GET /api/v1/places?status=true HTTP/1.1" 304 - "-" "okhttp/4.9.2"
::ffff:192.168.1.2 - - [09/Sep/2024:06:00:14 +0000] "GET /api/v1/places?status=true&star=true HTTP/1.1" 304 - "-" "okhttp/4.9.2"
::ffff:192.168.1.2 - - [09/Sep/2024:06:00:14 +0000] "GET /api/v1/places?status=true HTTP/1.1" 304 - "-" "okhttp/4.9.2"
::ffff:192.168.1.2 - - [09/Sep/2024:06:00:14 +0000] "GET /api/v1/places/nearbysearch?location=48.39350882977644,107.06994865089655&radius=50 HTTP/1.1" 304 - "-" "okhttp/4.9.2"
::ffff:192.168.1.2 - - [09/Sep/2024:06:00:14 +0000] "GET /api/v1/places/random-place-categories HTTP/1.1" 200 12172 "-" "okhttp/4.9.2"
::ffff:192.168.1.2 - - [09/Sep/2024:06:00:20 +0000] "GET /api/v1/places?status=true&star=true HTTP/1.1" 304 - "-" "okhttp/4.9.2"
::ffff:192.168.1.2 - - [09/Sep/2024:06:00:20 +0000] "GET /api/v1/place-categories? HTTP/1.1" 304 - "-" "okhttp/4.9.2"
::ffff:192.168.1.2 - - [09/Sep/2024:06:00:20 +0000] "GET /api/v1/rates/top-rated-places HTTP/1.1" 304 - "-" "okhttp/4.9.2"
::ffff:192.168.1.2 - - [09/Sep/2024:06:00:20 +0000] "GET /api/v1/places?status=true HTTP/1.1" 304 - "-" "okhttp/4.9.2"
::ffff:192.168.1.2 - - [09/Sep/2024:06:00:20 +0000] "GET /api/v1/places/nearbysearch?location=48.39350882977644,107.06994865089655&radius=50 HTTP/1.1" 304 - "-" "okhttp/4.9.2"
::ffff:192.168.1.2 - - [09/Sep/2024:06:00:20 +0000] "GET /api/v1/places?status=true HTTP/1.1" 304 - "-" "okhttp/4.9.2"
::ffff:192.168.1.2 - - [09/Sep/2024:06:00:20 +0000] "GET /api/v1/places/random-place-categories HTTP/1.1" 200 10356 "-" "okhttp/4.9.2"
::ffff:192.168.1.2 - - [09/Sep/2024:06:00:55 +0000] "GET /api/v1/places/nearbysearch?location=48.155155258165074,107.02508367598057&radius=50 HTTP/1.1" 200 26 "-" "okhttp/4.9.2"
::ffff:192.168.1.2 - - [09/Sep/2024:06:01:32 +0000] "GET /api/v1/places/nearbysearch?location=47.63451818182386,100.38920100778341&radius=50 HTTP/1.1" 200 26 "-" "okhttp/4.9.2"
::ffff:192.168.1.2 - - [09/Sep/2024:06:01:43 +0000] "GET /api/v1/place-categories? HTTP/1.1" 304 - "-" "okhttp/4.9.2"
::ffff:192.168.1.2 - - [09/Sep/2024:06:01:43 +0000] "GET /api/v1/places?status=true HTTP/1.1" 304 - "-" "okhttp/4.9.2"
::ffff:192.168.1.2 - - [09/Sep/2024:06:01:43 +0000] "GET /api/v1/rates/top-rated-places HTTP/1.1" 304 - "-" "okhttp/4.9.2"
::ffff:192.168.1.2 - - [09/Sep/2024:06:01:43 +0000] "GET /api/v1/places/random-place-categories HTTP/1.1" 200 12180 "-" "okhttp/4.9.2"
::ffff:192.168.1.2 - - [09/Sep/2024:06:01:43 +0000] "GET /api/v1/places?status=true HTTP/1.1" 304 - "-" "okhttp/4.9.2"
::ffff:192.168.1.2 - - [09/Sep/2024:06:01:43 +0000] "GET /api/v1/places?status=true&star=true HTTP/1.1" 304 - "-" "okhttp/4.9.2"
::ffff:192.168.1.2 - - [09/Sep/2024:06:01:52 +0000] "GET /api/v1/places/nearbysearch?location=47.268191489519765,107.0212796330452&radius=50 HTTP/1.1" 200 26 "-" "okhttp/4.9.2"
::ffff:192.168.1.2 - - [09/Sep/2024:06:02:51 +0000] "GET /api/v1/places/nearbysearch?location=47.268191489519765,107.0212796330452&radius=50 HTTP/1.1" 304 - "-" "okhttp/4.9.2"
::ffff:192.168.1.2 - - [09/Sep/2024:06:02:52 +0000] "GET /api/v1/place-categories? HTTP/1.1" 304 - "-" "okhttp/4.9.2"
::ffff:192.168.1.2 - - [09/Sep/2024:06:02:52 +0000] "GET /api/v1/places?status=true HTTP/1.1" 304 - "-" "okhttp/4.9.2"
::ffff:192.168.1.2 - - [09/Sep/2024:06:02:52 +0000] "GET /api/v1/places?status=true&star=true HTTP/1.1" 304 - "-" "okhttp/4.9.2"
::ffff:192.168.1.2 - - [09/Sep/2024:06:02:52 +0000] "GET /api/v1/rates/top-rated-places HTTP/1.1" 304 - "-" "okhttp/4.9.2"
::ffff:192.168.1.2 - - [09/Sep/2024:06:02:52 +0000] "GET /api/v1/places/random-place-categories HTTP/1.1" 200 166 "-" "okhttp/4.9.2"
::ffff:192.168.1.2 - - [09/Sep/2024:06:02:52 +0000] "GET /api/v1/places?status=true HTTP/1.1" 304 - "-" "okhttp/4.9.2"
::ffff:192.168.1.2 - - [09/Sep/2024:06:03:01 +0000] "GET /api/v1/places?status=true&star=true HTTP/1.1" 304 - "-" "okhttp/4.9.2"
::ffff:192.168.1.2 - - [09/Sep/2024:06:03:01 +0000] "GET /api/v1/place-categories? HTTP/1.1" 304 - "-" "okhttp/4.9.2"
::ffff:192.168.1.2 - - [09/Sep/2024:06:03:01 +0000] "GET /api/v1/places?status=true HTTP/1.1" 304 - "-" "okhttp/4.9.2"
::ffff:192.168.1.2 - - [09/Sep/2024:06:03:02 +0000] "GET /api/v1/places/nearbysearch?location=47.268191489519765,107.0212796330452&radius=50 HTTP/1.1" 304 - "-" "okhttp/4.9.2"
::ffff:192.168.1.2 - - [09/Sep/2024:06:03:02 +0000] "GET /api/v1/rates/top-rated-places HTTP/1.1" 304 - "-" "okhttp/4.9.2"
::ffff:192.168.1.2 - - [09/Sep/2024:06:03:02 +0000] "GET /api/v1/places/random-place-categories HTTP/1.1" 200 9142 "-" "okhttp/4.9.2"
::ffff:192.168.1.2 - - [09/Sep/2024:06:03:02 +0000] "GET /api/v1/places?status=true HTTP/1.1" 304 - "-" "okhttp/4.9.2"
::ffff:192.168.1.2 - - [09/Sep/2024:06:03:16 +0000] "GET /api/v1/places/nearbysearch?location=48.14198757683939,106.7586575075984&radius=50 HTTP/1.1" 200 26 "-" "okhttp/4.9.2"
::ffff:192.168.1.2 - - [09/Sep/2024:06:03:24 +0000] "GET /api/v1/places/nearbysearch?location=49.28355980053395,107.34220527112484&radius=50 HTTP/1.1" 200 26 "-" "okhttp/4.9.2"
::ffff:192.168.1.2 - - [09/Sep/2024:06:04:36 +0000] "GET /api/v1/places/nearbysearch?location=49.28355980053395,107.34220527112484&radius=50 HTTP/1.1" 304 - "-" "okhttp/4.9.2"
::ffff:192.168.1.2 - - [09/Sep/2024:06:04:36 +0000] "GET /api/v1/place-categories? HTTP/1.1" 304 - "-" "okhttp/4.9.2"
::ffff:192.168.1.2 - - [09/Sep/2024:06:04:36 +0000] "GET /api/v1/places?status=true HTTP/1.1" 304 - "-" "okhttp/4.9.2"
::ffff:192.168.1.2 - - [09/Sep/2024:06:04:37 +0000] "GET /api/v1/rates/top-rated-places HTTP/1.1" 304 - "-" "okhttp/4.9.2"
::ffff:192.168.1.2 - - [09/Sep/2024:06:04:37 +0000] "GET /api/v1/places?status=true&star=true HTTP/1.1" 304 - "-" "okhttp/4.9.2"
::ffff:192.168.1.2 - - [09/Sep/2024:06:04:37 +0000] "GET /api/v1/places?status=true HTTP/1.1" 304 - "-" "okhttp/4.9.2"
::ffff:192.168.1.2 - - [09/Sep/2024:06:04:37 +0000] "GET /api/v1/places/random-place-categories HTTP/1.1" 200 9142 "-" "okhttp/4.9.2"
::ffff:192.168.1.2 - - [09/Sep/2024:06:04:59 +0000] "GET /api/v1/places/nearbysearch?location=48.51768146374688,107.30744920670986&radius=50 HTTP/1.1" 200 26 "-" "okhttp/4.9.2"
::ffff:192.168.1.2 - - [09/Sep/2024:06:05:25 +0000] "GET /api/v1/places/nearbysearch?location=48.51768146374688,107.30744920670986&radius=50 HTTP/1.1" 304 - "-" "okhttp/4.9.2"
::ffff:192.168.1.2 - - [09/Sep/2024:06:05:26 +0000] "GET /api/v1/place-categories? HTTP/1.1" 304 - "-" "okhttp/4.9.2"
::ffff:192.168.1.2 - - [09/Sep/2024:06:05:26 +0000] "GET /api/v1/places?status=true&star=true HTTP/1.1" 304 - "-" "okhttp/4.9.2"
::ffff:192.168.1.2 - - [09/Sep/2024:06:05:26 +0000] "GET /api/v1/places?status=true HTTP/1.1" 304 - "-" "okhttp/4.9.2"
::ffff:192.168.1.2 - - [09/Sep/2024:06:05:26 +0000] "GET /api/v1/rates/top-rated-places HTTP/1.1" 304 - "-" "okhttp/4.9.2"
::ffff:192.168.1.2 - - [09/Sep/2024:06:05:26 +0000] "GET /api/v1/places?status=true HTTP/1.1" 304 - "-" "okhttp/4.9.2"
::ffff:192.168.1.2 - - [09/Sep/2024:06:05:26 +0000] "GET /api/v1/places/random-place-categories HTTP/1.1" 200 14545 "-" "okhttp/4.9.2"
::ffff:192.168.1.2 - - [09/Sep/2024:06:05:35 +0000] "GET /api/v1/places/nearbysearch?location=48.156339790124065,106.98420010507107&radius=50 HTTP/1.1" 200 26 "-" "okhttp/4.9.2"
::ffff:192.168.1.2 - - [09/Sep/2024:06:05:40 +0000] "GET /api/v1/places/nearbysearch?location=48.6027158138156,107.33946237713099&radius=50 HTTP/1.1" 200 26 "-" "okhttp/4.9.2"
::ffff:192.168.1.2 - - [09/Sep/2024:06:06:03 +0000] "GET /api/v1/places/nearbysearch?location=48.6027158138156,107.33946237713099&radius=50 HTTP/1.1" 304 - "-" "okhttp/4.9.2"
::ffff:192.168.1.2 - - [09/Sep/2024:06:06:04 +0000] "GET /api/v1/place-categories? HTTP/1.1" 304 - "-" "okhttp/4.9.2"
::ffff:192.168.1.2 - - [09/Sep/2024:06:06:04 +0000] "GET /api/v1/rates/top-rated-places HTTP/1.1" 304 - "-" "okhttp/4.9.2"
::ffff:192.168.1.2 - - [09/Sep/2024:06:06:04 +0000] "GET /api/v1/places?status=true HTTP/1.1" 304 - "-" "okhttp/4.9.2"
::ffff:192.168.1.2 - - [09/Sep/2024:06:06:04 +0000] "GET /api/v1/places/random-place-categories HTTP/1.1" 200 166 "-" "okhttp/4.9.2"
::ffff:192.168.1.2 - - [09/Sep/2024:06:06:04 +0000] "GET /api/v1/places?status=true HTTP/1.1" 304 - "-" "okhttp/4.9.2"
::ffff:192.168.1.2 - - [09/Sep/2024:06:06:04 +0000] "GET /api/v1/places?status=true&star=true HTTP/1.1" 304 - "-" "okhttp/4.9.2"
::ffff:192.168.1.2 - - [09/Sep/2024:06:07:27 +0000] "GET /api/v1/places/nearbysearch?location=48.6027158138156,107.33946237713099&radius=50 HTTP/1.1" 304 - "-" "okhttp/4.9.2"
::ffff:192.168.1.2 - - [09/Sep/2024:06:07:28 +0000] "GET /api/v1/place-categories? HTTP/1.1" 304 - "-" "okhttp/4.9.2"
::ffff:192.168.1.2 - - [09/Sep/2024:06:07:28 +0000] "GET /api/v1/places?status=true&star=true HTTP/1.1" 304 - "-" "okhttp/4.9.2"
::ffff:192.168.1.2 - - [09/Sep/2024:06:07:28 +0000] "GET /api/v1/places?status=true HTTP/1.1" 304 - "-" "okhttp/4.9.2"
::ffff:192.168.1.2 - - [09/Sep/2024:06:07:28 +0000] "GET /api/v1/places/random-place-categories HTTP/1.1" 200 10348 "-" "okhttp/4.9.2"
::ffff:192.168.1.2 - - [09/Sep/2024:06:07:28 +0000] "GET /api/v1/rates/top-rated-places HTTP/1.1" 304 - "-" "okhttp/4.9.2"
::ffff:192.168.1.2 - - [09/Sep/2024:06:07:28 +0000] "GET /api/v1/places?status=true HTTP/1.1" 304 - "-" "okhttp/4.9.2"
::ffff:192.168.1.2 - - [09/Sep/2024:06:07:30 +0000] "GET /api/v1/place-categories? HTTP/1.1" 304 - "-" "okhttp/4.9.2"
::ffff:192.168.1.2 - - [09/Sep/2024:06:07:30 +0000] "GET /api/v1/rates/top-rated-places HTTP/1.1" 304 - "-" "okhttp/4.9.2"
::ffff:192.168.1.2 - - [09/Sep/2024:06:07:30 +0000] "GET /api/v1/places?status=true HTTP/1.1" 304 - "-" "okhttp/4.9.2"
::ffff:192.168.1.2 - - [09/Sep/2024:06:07:30 +0000] "GET /api/v1/places?status=true HTTP/1.1" 304 - "-" "okhttp/4.9.2"
::ffff:192.168.1.2 - - [09/Sep/2024:06:07:30 +0000] "GET /api/v1/places?status=true&star=true HTTP/1.1" 304 - "-" "okhttp/4.9.2"
::ffff:192.168.1.2 - - [09/Sep/2024:06:07:30 +0000] "GET /api/v1/places/random-place-categories HTTP/1.1" 200 10345 "-" "okhttp/4.9.2"
::ffff:192.168.1.2 - - [09/Sep/2024:06:07:30 +0000] "GET /api/v1/places/nearbysearch?location=48.6027158138156,107.33946237713099&radius=50 HTTP/1.1" 304 - "-" "okhttp/4.9.2"
::ffff:192.168.1.2 - - [09/Sep/2024:06:10:32 +0000] "GET /api/v1/places?status=true HTTP/1.1" 304 - "-" "okhttp/4.9.2"
::ffff:192.168.1.2 - - [09/Sep/2024:06:10:32 +0000] "GET /api/v1/place-categories? HTTP/1.1" 304 - "-" "okhttp/4.9.2"
::ffff:192.168.1.2 - - [09/Sep/2024:06:10:32 +0000] "GET /api/v1/rates/top-rated-places HTTP/1.1" 304 - "-" "okhttp/4.9.2"
::ffff:192.168.1.2 - - [09/Sep/2024:06:10:32 +0000] "GET /api/v1/places?status=true&star=true HTTP/1.1" 304 - "-" "okhttp/4.9.2"
::ffff:192.168.1.2 - - [09/Sep/2024:06:10:32 +0000] "GET /api/v1/places/nearbysearch?location=48.6027158138156,107.33946237713099&radius=50 HTTP/1.1" 304 - "-" "okhttp/4.9.2"
::ffff:192.168.1.2 - - [09/Sep/2024:06:10:32 +0000] "GET /api/v1/places?status=true HTTP/1.1" 304 - "-" "okhttp/4.9.2"
::ffff:192.168.1.2 - - [09/Sep/2024:06:10:32 +0000] "GET /api/v1/places/random-place-categories HTTP/1.1" 200 10345 "-" "okhttp/4.9.2"
::ffff:192.168.1.2 - - [09/Sep/2024:06:10:55 +0000] "GET /api/v1/places/nearbysearch?location=48.19155056815022,106.56114500015974&radius=50 HTTP/1.1" 200 26 "-" "okhttp/4.9.2"
::ffff:192.168.1.2 - - [09/Sep/2024:06:11:06 +0000] "GET /api/v1/places/nearbysearch?location=49.692202450931426,103.0546710267663&radius=50 HTTP/1.1" 200 26 "-" "okhttp/4.9.2"
::ffff:192.168.1.2 - - [09/Sep/2024:06:40:46 +0000] "GET /api/v1/rates/top-rated-places HTTP/1.1" 304 - "-" "okhttp/4.9.2"
::ffff:192.168.1.2 - - [09/Sep/2024:06:40:46 +0000] "GET /api/v1/place-categories? HTTP/1.1" 304 - "-" "okhttp/4.9.2"
::ffff:192.168.1.2 - - [09/Sep/2024:06:40:46 +0000] "GET /api/v1/places?status=true HTTP/1.1" 304 - "-" "okhttp/4.9.2"
::ffff:192.168.1.2 - - [09/Sep/2024:06:40:46 +0000] "GET /api/v1/places?status=true HTTP/1.1" 304 - "-" "okhttp/4.9.2"
::ffff:192.168.1.2 - - [09/Sep/2024:06:40:46 +0000] "GET /api/v1/places?status=true&star=true HTTP/1.1" 304 - "-" "okhttp/4.9.2"
::ffff:192.168.1.2 - - [09/Sep/2024:06:40:46 +0000] "GET /api/v1/places/random-place-categories HTTP/1.1" 200 158 "-" "okhttp/4.9.2"
::ffff:192.168.1.2 - - [09/Sep/2024:06:42:05 +0000] "GET /api/v1/place-categories? HTTP/1.1" 304 - "-" "okhttp/4.9.2"
::ffff:192.168.1.2 - - [09/Sep/2024:06:42:05 +0000] "GET /api/v1/places?status=true HTTP/1.1" 304 - "-" "okhttp/4.9.2"
::ffff:192.168.1.2 - - [09/Sep/2024:06:42:05 +0000] "GET /api/v1/rates/top-rated-places HTTP/1.1" 304 - "-" "okhttp/4.9.2"
::ffff:192.168.1.2 - - [09/Sep/2024:06:42:05 +0000] "GET /api/v1/places/random-place-categories HTTP/1.1" 200 158 "-" "okhttp/4.9.2"
::ffff:192.168.1.2 - - [09/Sep/2024:06:42:05 +0000] "GET /api/v1/places?status=true HTTP/1.1" 304 - "-" "okhttp/4.9.2"
::ffff:192.168.1.2 - - [09/Sep/2024:06:42:05 +0000] "GET /api/v1/places?status=true&star=true HTTP/1.1" 304 - "-" "okhttp/4.9.2"
::ffff:192.168.1.2 - - [09/Sep/2024:06:42:24 +0000] "GET /api/v1/places/nearbysearch?location=48.9754606348111,107.5913218036294&radius=50 HTTP/1.1" 200 26 "-" "okhttp/4.9.2"
::ffff:192.168.1.14 - - [09/Sep/2024:06:42:49 +0000] "GET /api/v1/place-categories? HTTP/1.1" 304 - "-" "Expo/1017616 CFNetwork/1498.700.2 Darwin/23.6.0"
::ffff:192.168.1.14 - - [09/Sep/2024:06:42:49 +0000] "GET /api/v1/rates/top-rated-places HTTP/1.1" 304 - "-" "Expo/1017616 CFNetwork/1498.700.2 Darwin/23.6.0"
::ffff:192.168.1.14 - - [09/Sep/2024:06:42:49 +0000] "GET /api/v1/places/random-place-categories HTTP/1.1" 200 10348 "-" "Expo/1017616 CFNetwork/1498.700.2 Darwin/23.6.0"
::ffff:192.168.1.14 - - [09/Sep/2024:06:42:49 +0000] "GET /api/v1/places?status=true&star=true HTTP/1.1" 304 - "-" "Expo/1017616 CFNetwork/1498.700.2 Darwin/23.6.0"
::ffff:192.168.1.14 - - [09/Sep/2024:06:42:49 +0000] "GET /api/v1/places?status=true HTTP/1.1" 304 - "-" "Expo/1017616 CFNetwork/1498.700.2 Darwin/23.6.0"
::ffff:192.168.1.14 - - [09/Sep/2024:06:42:49 +0000] "GET /api/v1/places?status=true HTTP/1.1" 304 - "-" "Expo/1017616 CFNetwork/1498.700.2 Darwin/23.6.0"
::ffff:192.168.1.2 - - [09/Sep/2024:06:44:30 +0000] "GET /api/v1/places/nearbysearch?location=47.971194044473016,106.93612553179264&radius=50 HTTP/1.1" 200 26 "-" "okhttp/4.9.2"
::ffff:192.168.1.2 - - [09/Sep/2024:06:44:40 +0000] "GET /api/v1/places/nearbysearch?location=48.38086427095825,106.99676491320133&radius=50 HTTP/1.1" 200 26 "-" "okhttp/4.9.2"
::ffff:192.168.1.14 - - [09/Sep/2024:06:44:53 +0000] "GET /api/v1/rates/top-rated-places HTTP/1.1" 304 - "-" "Expo/1017616 CFNetwork/1498.700.2 Darwin/23.6.0"
::ffff:192.168.1.14 - - [09/Sep/2024:06:44:53 +0000] "GET /api/v1/place-categories? HTTP/1.1" 304 - "-" "Expo/1017616 CFNetwork/1498.700.2 Darwin/23.6.0"
::ffff:192.168.1.14 - - [09/Sep/2024:06:44:53 +0000] "GET /api/v1/places/random-place-categories HTTP/1.1" 200 12169 "-" "Expo/1017616 CFNetwork/1498.700.2 Darwin/23.6.0"
::ffff:192.168.1.14 - - [09/Sep/2024:06:44:53 +0000] "GET /api/v1/places?status=true HTTP/1.1" 304 - "-" "Expo/1017616 CFNetwork/1498.700.2 Darwin/23.6.0"
::ffff:192.168.1.14 - - [09/Sep/2024:06:44:53 +0000] "GET /api/v1/places?status=true&star=true HTTP/1.1" 304 - "-" "Expo/1017616 CFNetwork/1498.700.2 Darwin/23.6.0"
::ffff:192.168.1.14 - - [09/Sep/2024:06:44:53 +0000] "GET /api/v1/places?status=true HTTP/1.1" 304 - "-" "Expo/1017616 CFNetwork/1498.700.2 Darwin/23.6.0"
::ffff:192.168.1.2 - - [09/Sep/2024:06:44:53 +0000] "GET /api/v1/places/nearbysearch?location=48.38086427095825,106.99676491320133&radius=50 HTTP/1.1" 304 - "-" "okhttp/4.9.2"
::ffff:192.168.1.2 - - [09/Sep/2024:06:44:54 +0000] "GET /api/v1/places?status=true HTTP/1.1" 304 - "-" "okhttp/4.9.2"
::ffff:192.168.1.2 - - [09/Sep/2024:06:44:54 +0000] "GET /api/v1/rates/top-rated-places HTTP/1.1" 304 - "-" "okhttp/4.9.2"
::ffff:192.168.1.2 - - [09/Sep/2024:06:44:54 +0000] "GET /api/v1/places?status=true HTTP/1.1" 304 - "-" "okhttp/4.9.2"
::ffff:192.168.1.2 - - [09/Sep/2024:06:44:54 +0000] "GET /api/v1/place-categories? HTTP/1.1" 304 - "-" "okhttp/4.9.2"
::ffff:192.168.1.2 - - [09/Sep/2024:06:44:54 +0000] "GET /api/v1/places?status=true&star=true HTTP/1.1" 304 - "-" "okhttp/4.9.2"
::ffff:192.168.1.2 - - [09/Sep/2024:06:44:55 +0000] "GET /api/v1/places/random-place-categories HTTP/1.1" 304 - "-" "okhttp/4.9.2"
::ffff:192.168.1.14 - - [09/Sep/2024:06:51:21 +0000] "GET /api/v1/place-categories? HTTP/1.1" 304 - "-" "Expo/1017616 CFNetwork/1498.700.2 Darwin/23.6.0"
::ffff:192.168.1.14 - - [09/Sep/2024:06:51:21 +0000] "GET /api/v1/rates/top-rated-places HTTP/1.1" 304 - "-" "Expo/1017616 CFNetwork/1498.700.2 Darwin/23.6.0"
::ffff:192.168.1.14 - - [09/Sep/2024:06:51:21 +0000] "GET /api/v1/places/random-place-categories HTTP/1.1" 200 169 "-" "Expo/1017616 CFNetwork/1498.700.2 Darwin/23.6.0"
::ffff:192.168.1.14 - - [09/Sep/2024:06:51:21 +0000] "GET /api/v1/places?status=true HTTP/1.1" 304 - "-" "Expo/1017616 CFNetwork/1498.700.2 Darwin/23.6.0"
::ffff:192.168.1.14 - - [09/Sep/2024:06:51:21 +0000] "GET /api/v1/places?status=true HTTP/1.1" 304 - "-" "Expo/1017616 CFNetwork/1498.700.2 Darwin/23.6.0"
::ffff:192.168.1.14 - - [09/Sep/2024:06:51:21 +0000] "GET /api/v1/places?status=true&star=true HTTP/1.1" 304 - "-" "Expo/1017616 CFNetwork/1498.700.2 Darwin/23.6.0"
::ffff:192.168.1.2 - - [09/Sep/2024:06:51:21 +0000] "GET /api/v1/place-categories? HTTP/1.1" 304 - "-" "okhttp/4.9.2"
::ffff:192.168.1.2 - - [09/Sep/2024:06:51:21 +0000] "GET /api/v1/rates/top-rated-places HTTP/1.1" 304 - "-" "okhttp/4.9.2"
::ffff:192.168.1.2 - - [09/Sep/2024:06:51:21 +0000] "GET /api/v1/places?status=true HTTP/1.1" 304 - "-" "okhttp/4.9.2"
::ffff:192.168.1.2 - - [09/Sep/2024:06:51:21 +0000] "GET /api/v1/places?status=true HTTP/1.1" 304 - "-" "okhttp/4.9.2"
::ffff:192.168.1.2 - - [09/Sep/2024:06:51:21 +0000] "GET /api/v1/places?status=true&star=true HTTP/1.1" 304 - "-" "okhttp/4.9.2"
::ffff:192.168.1.2 - - [09/Sep/2024:06:51:21 +0000] "GET /api/v1/places/nearbysearch?location=48.38086427095825,106.99676491320133&radius=50 HTTP/1.1" 304 - "-" "okhttp/4.9.2"
::ffff:192.168.1.2 - - [09/Sep/2024:06:51:21 +0000] "GET /api/v1/places/random-place-categories HTTP/1.1" 200 10348 "-" "okhttp/4.9.2"
::ffff:192.168.1.14 - - [09/Sep/2024:06:51:32 +0000] "GET /api/v1/place-categories? HTTP/1.1" 304 - "-" "Expo/1017616 CFNetwork/1498.700.2 Darwin/23.6.0"
::ffff:192.168.1.14 - - [09/Sep/2024:06:51:32 +0000] "GET /api/v1/rates/top-rated-places HTTP/1.1" 304 - "-" "Expo/1017616 CFNetwork/1498.700.2 Darwin/23.6.0"
::ffff:192.168.1.14 - - [09/Sep/2024:06:51:32 +0000] "GET /api/v1/places/random-place-categories HTTP/1.1" 200 4366 "-" "Expo/1017616 CFNetwork/1498.700.2 Darwin/23.6.0"
::ffff:192.168.1.14 - - [09/Sep/2024:06:51:32 +0000] "GET /api/v1/places?status=true&star=true HTTP/1.1" 304 - "-" "Expo/1017616 CFNetwork/1498.700.2 Darwin/23.6.0"
::ffff:192.168.1.14 - - [09/Sep/2024:06:51:32 +0000] "GET /api/v1/places?status=true HTTP/1.1" 304 - "-" "Expo/1017616 CFNetwork/1498.700.2 Darwin/23.6.0"
::ffff:192.168.1.14 - - [09/Sep/2024:06:51:32 +0000] "GET /api/v1/places?status=true HTTP/1.1" 304 - "-" "Expo/1017616 CFNetwork/1498.700.2 Darwin/23.6.0"
::ffff:192.168.1.2 - - [09/Sep/2024:06:51:32 +0000] "GET /api/v1/place-categories? HTTP/1.1" 304 - "-" "okhttp/4.9.2"
::ffff:192.168.1.2 - - [09/Sep/2024:06:51:32 +0000] "GET /api/v1/rates/top-rated-places HTTP/1.1" 304 - "-" "okhttp/4.9.2"
::ffff:192.168.1.2 - - [09/Sep/2024:06:51:32 +0000] "GET /api/v1/places?status=true&star=true HTTP/1.1" 304 - "-" "okhttp/4.9.2"
::ffff:192.168.1.2 - - [09/Sep/2024:06:51:32 +0000] "GET /api/v1/places?status=true HTTP/1.1" 304 - "-" "okhttp/4.9.2"
::ffff:192.168.1.2 - - [09/Sep/2024:06:51:32 +0000] "GET /api/v1/places?status=true HTTP/1.1" 304 - "-" "okhttp/4.9.2"
::ffff:192.168.1.2 - - [09/Sep/2024:06:51:32 +0000] "GET /api/v1/places/nearbysearch?location=48.38086427095825,106.99676491320133&radius=50 HTTP/1.1" 304 - "-" "okhttp/4.9.2"
::ffff:192.168.1.2 - - [09/Sep/2024:06:51:32 +0000] "GET /api/v1/places/random-place-categories HTTP/1.1" 200 4953 "-" "okhttp/4.9.2"
::ffff:192.168.1.2 - - [09/Sep/2024:06:51:36 +0000] "GET /api/v1/place-categories? HTTP/1.1" 304 - "-" "okhttp/4.9.2"
::ffff:192.168.1.2 - - [09/Sep/2024:06:51:36 +0000] "GET /api/v1/rates/top-rated-places HTTP/1.1" 304 - "-" "okhttp/4.9.2"
::ffff:192.168.1.14 - - [09/Sep/2024:06:51:36 +0000] "GET /api/v1/place-categories? HTTP/1.1" 304 - "-" "Expo/1017616 CFNetwork/1498.700.2 Darwin/23.6.0"
::ffff:192.168.1.14 - - [09/Sep/2024:06:51:36 +0000] "GET /api/v1/rates/top-rated-places HTTP/1.1" 304 - "-" "Expo/1017616 CFNetwork/1498.700.2 Darwin/23.6.0"
::ffff:192.168.1.2 - - [09/Sep/2024:06:51:36 +0000] "GET /api/v1/places?status=true&star=true HTTP/1.1" 304 - "-" "okhttp/4.9.2"
::ffff:192.168.1.14 - - [09/Sep/2024:06:51:36 +0000] "GET /api/v1/places/random-place-categories HTTP/1.1" 200 12180 "-" "Expo/1017616 CFNetwork/1498.700.2 Darwin/23.6.0"
::ffff:192.168.1.2 - - [09/Sep/2024:06:51:36 +0000] "GET /api/v1/places/nearbysearch?location=48.38086427095825,106.99676491320133&radius=50 HTTP/1.1" 304 - "-" "okhttp/4.9.2"
::ffff:192.168.1.14 - - [09/Sep/2024:06:51:36 +0000] "GET /api/v1/places?status=true&star=true HTTP/1.1" 304 - "-" "Expo/1017616 CFNetwork/1498.700.2 Darwin/23.6.0"
::ffff:192.168.1.2 - - [09/Sep/2024:06:51:36 +0000] "GET /api/v1/places/random-place-categories HTTP/1.1" 200 10356 "-" "okhttp/4.9.2"
::ffff:192.168.1.14 - - [09/Sep/2024:06:51:36 +0000] "GET /api/v1/places?status=true HTTP/1.1" 304 - "-" "Expo/1017616 CFNetwork/1498.700.2 Darwin/23.6.0"
::ffff:192.168.1.2 - - [09/Sep/2024:06:51:36 +0000] "GET /api/v1/places?status=true HTTP/1.1" 304 - "-" "okhttp/4.9.2"
::ffff:192.168.1.2 - - [09/Sep/2024:06:51:36 +0000] "GET /api/v1/places?status=true HTTP/1.1" 304 - "-" "okhttp/4.9.2"
::ffff:192.168.1.14 - - [09/Sep/2024:06:51:36 +0000] "GET /api/v1/places?status=true HTTP/1.1" 304 - "-" "Expo/1017616 CFNetwork/1498.700.2 Darwin/23.6.0"
::ffff:192.168.1.14 - - [09/Sep/2024:06:51:53 +0000] "GET /api/v1/places/nearbysearch?location=48.183536552601446,107.18002885157887&radius=50 HTTP/1.1" 200 26 "-" "Expo/1017616 CFNetwork/1498.700.2 Darwin/23.6.0"
::ffff:192.168.1.14 - - [09/Sep/2024:06:52:07 +0000] "GET /api/v1/places/nearbysearch?location=47.66580446483459,107.00538692481892&radius=50 HTTP/1.1" 200 26 "-" "Expo/1017616 CFNetwork/1498.700.2 Darwin/23.6.0"
::ffff:192.168.1.14 - - [09/Sep/2024:06:52:15 +0000] "GET /api/v1/places/nearbysearch?location=46.81834876698299,107.20435473514345&radius=50 HTTP/1.1" 200 26 "-" "Expo/1017616 CFNetwork/1498.700.2 Darwin/23.6.0"
::ffff:192.168.1.14 - - [09/Sep/2024:06:52:25 +0000] "GET /api/v1/places/nearbysearch?location=43.938211613313115,106.62866732261733&radius=50 HTTP/1.1" 200 26 "-" "Expo/1017616 CFNetwork/1498.700.2 Darwin/23.6.0"
::ffff:192.168.1.2 - - [09/Sep/2024:07:23:17 +0000] "GET /api/v1/places/nearbysearch?location=48.38086427095825,106.99676491320133&radius=50 HTTP/1.1" 304 - "-" "okhttp/4.9.2"
::ffff:192.168.1.2 - - [09/Sep/2024:07:23:17 +0000] "GET /api/v1/place-categories? HTTP/1.1" 304 - "-" "okhttp/4.9.2"
::ffff:192.168.1.2 - - [09/Sep/2024:07:23:18 +0000] "GET /api/v1/places?status=true&star=true HTTP/1.1" 304 - "-" "okhttp/4.9.2"
::ffff:192.168.1.2 - - [09/Sep/2024:07:23:18 +0000] "GET /api/v1/rates/top-rated-places HTTP/1.1" 304 - "-" "okhttp/4.9.2"
::ffff:192.168.1.2 - - [09/Sep/2024:07:23:18 +0000] "GET /api/v1/places?status=true HTTP/1.1" 304 - "-" "okhttp/4.9.2"
::ffff:192.168.1.2 - - [09/Sep/2024:07:23:18 +0000] "GET /api/v1/places/random-place-categories HTTP/1.1" 200 169 "-" "okhttp/4.9.2"
::ffff:192.168.1.2 - - [09/Sep/2024:07:23:18 +0000] "GET /api/v1/places?status=true HTTP/1.1" 304 - "-" "okhttp/4.9.2"
::ffff:192.168.1.2 - - [09/Sep/2024:07:23:46 +0000] "GET /api/v1/places/nearbysearch?location=48.38086427095825,106.99676491320133&radius=50 HTTP/1.1" 304 - "-" "okhttp/4.9.2"
::ffff:192.168.1.2 - - [09/Sep/2024:07:23:46 +0000] "GET /api/v1/places?status=true HTTP/1.1" 304 - "-" "okhttp/4.9.2"
::ffff:192.168.1.2 - - [09/Sep/2024:07:23:46 +0000] "GET /api/v1/place-categories? HTTP/1.1" 304 - "-" "okhttp/4.9.2"
::ffff:192.168.1.2 - - [09/Sep/2024:07:23:46 +0000] "GET /api/v1/rates/top-rated-places HTTP/1.1" 304 - "-" "okhttp/4.9.2"
::ffff:192.168.1.2 - - [09/Sep/2024:07:23:46 +0000] "GET /api/v1/places?status=true&star=true HTTP/1.1" 304 - "-" "okhttp/4.9.2"
::ffff:192.168.1.2 - - [09/Sep/2024:07:23:46 +0000] "GET /api/v1/places?status=true HTTP/1.1" 304 - "-" "okhttp/4.9.2"
::ffff:192.168.1.2 - - [09/Sep/2024:07:23:47 +0000] "GET /api/v1/places/random-place-categories HTTP/1.1" 200 4358 "-" "okhttp/4.9.2"
::ffff:192.168.1.2 - - [09/Sep/2024:07:24:41 +0000] "GET /api/v1/places/nearbysearch?location=47.92577281069605,106.94556724280119&radius=50 HTTP/1.1" 200 26 "-" "okhttp/4.9.2"
::ffff:192.168.1.2 - - [09/Sep/2024:07:25:47 +0000] "GET /api/v1/places/nearbysearch?location=48.49726413111112,106.61967247724533&radius=50 HTTP/1.1" 200 26 "-" "okhttp/4.9.2"
::ffff:192.168.1.2 - - [09/Sep/2024:07:25:54 +0000] "GET /api/v1/place-categories? HTTP/1.1" 304 - "-" "okhttp/4.9.2"
::ffff:192.168.1.2 - - [09/Sep/2024:07:25:54 +0000] "GET /api/v1/places?status=true HTTP/1.1" 304 - "-" "okhttp/4.9.2"
::ffff:192.168.1.2 - - [09/Sep/2024:07:26:31 +0000] "GET /api/v1/place-categories? HTTP/1.1" 304 - "-" "okhttp/4.9.2"
::ffff:192.168.1.2 - - [09/Sep/2024:07:26:31 +0000] "GET /api/v1/places?status=true HTTP/1.1" 304 - "-" "okhttp/4.9.2"
::ffff:192.168.1.14 - - [09/Sep/2024:07:27:55 +0000] "GET /api/v1/places/nearbysearch?location=43.938211613313115,106.62866732261733&radius=50 HTTP/1.1" 304 - "-" "Expo/1017616 CFNetwork/1498.700.2 Darwin/23.6.0"
::ffff:192.168.1.14 - - [09/Sep/2024:07:27:56 +0000] "GET /api/v1/place-categories? HTTP/1.1" 304 - "-" "Expo/1017616 CFNetwork/1498.700.2 Darwin/23.6.0"
::ffff:192.168.1.14 - - [09/Sep/2024:07:27:56 +0000] "GET /api/v1/places?status=true HTTP/1.1" 304 - "-" "Expo/1017616 CFNetwork/1498.700.2 Darwin/23.6.0"
::ffff:192.168.1.14 - - [09/Sep/2024:07:27:56 +0000] "GET /api/v1/rates/top-rated-places HTTP/1.1" 304 - "-" "Expo/1017616 CFNetwork/1498.700.2 Darwin/23.6.0"
::ffff:192.168.1.14 - - [09/Sep/2024:07:27:56 +0000] "GET /api/v1/places/random-place-categories HTTP/1.1" 200 9142 "-" "Expo/1017616 CFNetwork/1498.700.2 Darwin/23.6.0"
::ffff:192.168.1.14 - - [09/Sep/2024:07:27:56 +0000] "GET /api/v1/places?status=true&star=true HTTP/1.1" 304 - "-" "Expo/1017616 CFNetwork/1498.700.2 Darwin/23.6.0"
::ffff:192.168.1.14 - - [09/Sep/2024:07:27:56 +0000] "GET /api/v1/places?status=true HTTP/1.1" 304 - "-" "Expo/1017616 CFNetwork/1498.700.2 Darwin/23.6.0"
::ffff:192.168.1.14 - - [09/Sep/2024:07:28:09 +0000] "GET /api/v1/place-categories? HTTP/1.1" 304 - "-" "Expo/1017616 CFNetwork/1498.700.2 Darwin/23.6.0"
::ffff:192.168.1.14 - - [09/Sep/2024:07:28:09 +0000] "GET /api/v1/rates/top-rated-places HTTP/1.1" 304 - "-" "Expo/1017616 CFNetwork/1498.700.2 Darwin/23.6.0"
::ffff:192.168.1.14 - - [09/Sep/2024:07:28:09 +0000] "GET /api/v1/places/random-place-categories HTTP/1.1" 200 9142 "-" "Expo/1017616 CFNetwork/1498.700.2 Darwin/23.6.0"
::ffff:192.168.1.14 - - [09/Sep/2024:07:28:09 +0000] "GET /api/v1/places?status=true&star=true HTTP/1.1" 304 - "-" "Expo/1017616 CFNetwork/1498.700.2 Darwin/23.6.0"
::ffff:192.168.1.14 - - [09/Sep/2024:07:28:09 +0000] "GET /api/v1/places?status=true HTTP/1.1" 304 - "-" "Expo/1017616 CFNetwork/1498.700.2 Darwin/23.6.0"
::ffff:192.168.1.14 - - [09/Sep/2024:07:28:09 +0000] "GET /api/v1/places?status=true HTTP/1.1" 304 - "-" "Expo/1017616 CFNetwork/1498.700.2 Darwin/23.6.0"
::ffff:192.168.1.14 - - [09/Sep/2024:07:28:12 +0000] "GET /api/v1/place-categories? HTTP/1.1" 304 - "-" "Expo/1017616 CFNetwork/1498.700.2 Darwin/23.6.0"
::ffff:192.168.1.14 - - [09/Sep/2024:07:28:12 +0000] "GET /api/v1/places?status=true HTTP/1.1" 304 - "-" "Expo/1017616 CFNetwork/1498.700.2 Darwin/23.6.0"
::ffff:192.168.1.14 - - [09/Sep/2024:07:28:15 +0000] "GET /api/v1/places/search?query=Khov HTTP/1.1" 200 2149 "-" "Expo/1017616 CFNetwork/1498.700.2 Darwin/23.6.0"
::ffff:192.168.1.14 - - [09/Sep/2024:07:28:31 +0000] "GET /api/v1/place-categories? HTTP/1.1" 304 - "-" "Expo/1017616 CFNetwork/1498.700.2 Darwin/23.6.0"
::ffff:192.168.1.14 - - [09/Sep/2024:07:28:31 +0000] "GET /api/v1/places?status=true&star=true HTTP/1.1" 304 - "-" "Expo/1017616 CFNetwork/1498.700.2 Darwin/23.6.0"
::ffff:192.168.1.14 - - [09/Sep/2024:07:28:31 +0000] "GET /api/v1/rates/top-rated-places HTTP/1.1" 304 - "-" "Expo/1017616 CFNetwork/1498.700.2 Darwin/23.6.0"
::ffff:192.168.1.14 - - [09/Sep/2024:07:28:31 +0000] "GET /api/v1/places/random-place-categories HTTP/1.1" 200 16369 "-" "Expo/1017616 CFNetwork/1498.700.2 Darwin/23.6.0"
::ffff:192.168.1.14 - - [09/Sep/2024:07:28:31 +0000] "GET /api/v1/places?status=true HTTP/1.1" 304 - "-" "Expo/1017616 CFNetwork/1498.700.2 Darwin/23.6.0"
::ffff:192.168.1.14 - - [09/Sep/2024:07:28:31 +0000] "GET /api/v1/places?status=true HTTP/1.1" 304 - "-" "Expo/1017616 CFNetwork/1498.700.2 Darwin/23.6.0"
::ffff:192.168.1.2 - - [09/Sep/2024:07:28:32 +0000] "GET /api/v1/place-categories? HTTP/1.1" 304 - "-" "okhttp/4.9.2"
::ffff:192.168.1.2 - - [09/Sep/2024:07:28:32 +0000] "GET /api/v1/places?status=true&star=true HTTP/1.1" 304 - "-" "okhttp/4.9.2"
::ffff:192.168.1.2 - - [09/Sep/2024:07:28:32 +0000] "GET /api/v1/rates/top-rated-places HTTP/1.1" 304 - "-" "okhttp/4.9.2"
::ffff:192.168.1.2 - - [09/Sep/2024:07:28:32 +0000] "GET /api/v1/places?status=true HTTP/1.1" 304 - "-" "okhttp/4.9.2"
::ffff:192.168.1.2 - - [09/Sep/2024:07:28:32 +0000] "GET /api/v1/places?status=true HTTP/1.1" 304 - "-" "okhttp/4.9.2"
::ffff:192.168.1.2 - - [09/Sep/2024:07:28:32 +0000] "GET /api/v1/places/random-place-categories HTTP/1.1" 200 16956 "-" "okhttp/4.9.2"
::ffff:192.168.1.2 - - [09/Sep/2024:07:28:39 +0000] "GET /api/v1/place-categories? HTTP/1.1" 304 - "-" "okhttp/4.9.2"
::ffff:192.168.1.2 - - [09/Sep/2024:07:28:39 +0000] "GET /api/v1/places?status=true HTTP/1.1" 304 - "-" "okhttp/4.9.2"
::ffff:192.168.1.2 - - [09/Sep/2024:07:28:46 +0000] "GET /api/v1/places/search?query=khovd HTTP/1.1" 200 2149 "-" "okhttp/4.9.2"
::ffff:192.168.1.2 - - [09/Sep/2024:07:30:21 +0000] "GET /api/v1/places/search?query=khov HTTP/1.1" 200 2149 "-" "okhttp/4.9.2"
::ffff:192.168.1.2 - - [09/Sep/2024:07:31:08 +0000] "GET /api/v1/places/search?query=kho HTTP/1.1" 200 4604 "-" "okhttp/4.9.2"
::ffff:192.168.1.2 - - [09/Sep/2024:07:31:10 +0000] "GET /api/v1/places/search?query=khov HTTP/1.1" 304 - "-" "okhttp/4.9.2"
::ffff:192.168.1.2 - - [09/Sep/2024:07:31:11 +0000] "GET /api/v1/places/search?query=khovd HTTP/1.1" 304 - "-" "okhttp/4.9.2"
::ffff:192.168.1.2 - - [09/Sep/2024:07:31:13 +0000] "GET /api/v1/places/search?query=khovd HTTP/1.1" 304 - "-" "okhttp/4.9.2"
::ffff:192.168.1.2 - - [09/Sep/2024:07:31:13 +0000] "GET /api/v1/places?status=true HTTP/1.1" 304 - "-" "okhttp/4.9.2"
::ffff:192.168.1.2 - - [09/Sep/2024:07:32:15 +0000] "GET /api/v1/place-categories? HTTP/1.1" 304 - "-" "okhttp/4.9.2"
::ffff:192.168.1.2 - - [09/Sep/2024:07:32:15 +0000] "GET /api/v1/places?status=true HTTP/1.1" 304 - "-" "okhttp/4.9.2"
::ffff:192.168.1.2 - - [09/Sep/2024:07:32:15 +0000] "GET /api/v1/rates/top-rated-places HTTP/1.1" 304 - "-" "okhttp/4.9.2"
::ffff:192.168.1.2 - - [09/Sep/2024:07:32:15 +0000] "GET /api/v1/places?status=true&star=true HTTP/1.1" 304 - "-" "okhttp/4.9.2"
::ffff:192.168.1.2 - - [09/Sep/2024:07:32:15 +0000] "GET /api/v1/places?status=true HTTP/1.1" 304 - "-" "okhttp/4.9.2"
::ffff:192.168.1.2 - - [09/Sep/2024:07:32:15 +0000] "GET /api/v1/places/random-place-categories HTTP/1.1" 200 16956 "-" "okhttp/4.9.2"
::ffff:192.168.1.2 - - [09/Sep/2024:07:32:20 +0000] "GET /api/v1/place-categories? HTTP/1.1" 304 - "-" "okhttp/4.9.2"
::ffff:192.168.1.2 - - [09/Sep/2024:07:32:20 +0000] "GET /api/v1/places?status=true HTTP/1.1" 304 - "-" "okhttp/4.9.2"
::ffff:192.168.1.2 - - [09/Sep/2024:07:32:26 +0000] "GET /api/v1/places/search?query=khovd HTTP/1.1" 304 - "-" "okhttp/4.9.2"
::1 - - [09/Sep/2024:07:32:44 +0000] "GET /api/v1/users/checklogin HTTP/1.1" 200 17 "http://localhost:3000/" "Mozilla/5.0 (Windows NT 10.0; Win64; x64) AppleWebKit/537.36 (KHTML, like Gecko) Chrome/128.0.0.0 Safari/537.36"
::1 - - [09/Sep/2024:07:32:45 +0000] "GET /uploads/150x150/no-avatar.png HTTP/1.1" 404 168 "http://localhost:3000/" "Mozilla/5.0 (Windows NT 10.0; Win64; x64) AppleWebKit/537.36 (KHTML, like Gecko) Chrome/128.0.0.0 Safari/537.36"
::1 - - [09/Sep/2024:07:32:45 +0000] "GET /uploads/150x150/no-avatar.png HTTP/1.1" 404 168 "http://localhost:3000/" "Mozilla/5.0 (Windows NT 10.0; Win64; x64) AppleWebKit/537.36 (KHTML, like Gecko) Chrome/128.0.0.0 Safari/537.36"
::1 - - [09/Sep/2024:07:32:50 +0000] "POST /api/v1/users/login HTTP/1.1" 200 1165 "http://localhost:3000/" "Mozilla/5.0 (Windows NT 10.0; Win64; x64) AppleWebKit/537.36 (KHTML, like Gecko) Chrome/128.0.0.0 Safari/537.36"
::1 - - [09/Sep/2024:07:32:50 +0000] "GET /uploads/150x150/no-avatar.png HTTP/1.1" 404 168 "http://localhost:3000/" "Mozilla/5.0 (Windows NT 10.0; Win64; x64) AppleWebKit/537.36 (KHTML, like Gecko) Chrome/128.0.0.0 Safari/537.36"
::1 - - [09/Sep/2024:07:32:50 +0000] "GET /api/v1/users/count HTTP/1.1" 304 - "http://localhost:3000/" "Mozilla/5.0 (Windows NT 10.0; Win64; x64) AppleWebKit/537.36 (KHTML, like Gecko) Chrome/128.0.0.0 Safari/537.36"
::1 - - [09/Sep/2024:07:32:50 +0000] "GET /api/v1/places/count HTTP/1.1" 304 - "http://localhost:3000/" "Mozilla/5.0 (Windows NT 10.0; Win64; x64) AppleWebKit/537.36 (KHTML, like Gecko) Chrome/128.0.0.0 Safari/537.36"
::1 - - [09/Sep/2024:07:32:50 +0000] "GET /api/v1/news/count HTTP/1.1" 304 - "http://localhost:3000/" "Mozilla/5.0 (Windows NT 10.0; Win64; x64) AppleWebKit/537.36 (KHTML, like Gecko) Chrome/128.0.0.0 Safari/537.36"
::1 - - [09/Sep/2024:07:32:52 +0000] "GET /api/v1/users/checklogin HTTP/1.1" 200 16 "http://localhost:3000/" "Mozilla/5.0 (Windows NT 10.0; Win64; x64) AppleWebKit/537.36 (KHTML, like Gecko) Chrome/128.0.0.0 Safari/537.36"
::1 - - [09/Sep/2024:07:32:52 +0000] "GET /api/v1/users/count HTTP/1.1" 304 - "http://localhost:3000/" "Mozilla/5.0 (Windows NT 10.0; Win64; x64) AppleWebKit/537.36 (KHTML, like Gecko) Chrome/128.0.0.0 Safari/537.36"
::1 - - [09/Sep/2024:07:32:52 +0000] "GET /uploads/150x150/no-avatar.png HTTP/1.1" 404 168 "http://localhost:3000/" "Mozilla/5.0 (Windows NT 10.0; Win64; x64) AppleWebKit/537.36 (KHTML, like Gecko) Chrome/128.0.0.0 Safari/537.36"
::1 - - [09/Sep/2024:07:32:52 +0000] "GET /api/v1/places/count HTTP/1.1" 304 - "http://localhost:3000/" "Mozilla/5.0 (Windows NT 10.0; Win64; x64) AppleWebKit/537.36 (KHTML, like Gecko) Chrome/128.0.0.0 Safari/537.36"
::1 - - [09/Sep/2024:07:32:52 +0000] "GET /api/v1/news/count HTTP/1.1" 304 - "http://localhost:3000/" "Mozilla/5.0 (Windows NT 10.0; Win64; x64) AppleWebKit/537.36 (KHTML, like Gecko) Chrome/128.0.0.0 Safari/537.36"
::1 - - [09/Sep/2024:07:33:00 +0000] "GET /api/v1/places? HTTP/1.1" 200 26240 "http://localhost:3000/" "Mozilla/5.0 (Windows NT 10.0; Win64; x64) AppleWebKit/537.36 (KHTML, like Gecko) Chrome/128.0.0.0 Safari/537.36"
::1 - - [09/Sep/2024:07:33:07 +0000] "GET /api/v1/places?page=2&limit=10&sort=undefined:undefined& HTTP/1.1" 200 37320 "http://localhost:3000/" "Mozilla/5.0 (Windows NT 10.0; Win64; x64) AppleWebKit/537.36 (KHTML, like Gecko) Chrome/128.0.0.0 Safari/537.36"
::1 - - [09/Sep/2024:07:33:13 +0000] "GET /api/v1/places?page=3&limit=10&sort=undefined:undefined& HTTP/1.1" 200 4355 "http://localhost:3000/" "Mozilla/5.0 (Windows NT 10.0; Win64; x64) AppleWebKit/537.36 (KHTML, like Gecko) Chrome/128.0.0.0 Safari/537.36"
::1 - - [09/Sep/2024:07:33:18 +0000] "GET /api/v1/places?page=2&limit=10&sort=undefined:undefined& HTTP/1.1" 304 - "http://localhost:3000/" "Mozilla/5.0 (Windows NT 10.0; Win64; x64) AppleWebKit/537.36 (KHTML, like Gecko) Chrome/128.0.0.0 Safari/537.36"
::ffff:192.168.1.2 - - [09/Sep/2024:07:33:53 +0000] "GET /api/v1/places/search?query=khovdiin HTTP/1.1" 200 26 "-" "okhttp/4.9.2"
::ffff:192.168.1.2 - - [09/Sep/2024:07:33:53 +0000] "GET /api/v1/places/search?query=khovdiin HTTP/1.1" 304 - "-" "okhttp/4.9.2"
::ffff:192.168.1.2 - - [09/Sep/2024:07:33:55 +0000] "GET /api/v1/places/search?query=khovdiin%20buudal HTTP/1.1" 200 26 "-" "okhttp/4.9.2"
::ffff:192.168.1.2 - - [09/Sep/2024:07:33:58 +0000] "GET /api/v1/places/search?query=khovdiin HTTP/1.1" 304 - "-" "okhttp/4.9.2"
::ffff:192.168.1.2 - - [09/Sep/2024:07:34:00 +0000] "GET /api/v1/places/search?query=khovdiin HTTP/1.1" 304 - "-" "okhttp/4.9.2"
::ffff:192.168.1.2 - - [09/Sep/2024:07:34:05 +0000] "GET /api/v1/places/search?query=khovd HTTP/1.1" 304 - "-" "okhttp/4.9.2"
::1 - - [09/Sep/2024:07:34:21 +0000] "GET /api/v1/place-categories HTTP/1.1" 200 885 "http://localhost:3000/" "Mozilla/5.0 (Windows NT 10.0; Win64; x64) AppleWebKit/537.36 (KHTML, like Gecko) Chrome/128.0.0.0 Safari/537.36"
::1 - - [09/Sep/2024:07:34:21 +0000] "GET /api/v1/places? HTTP/1.1" 304 - "http://localhost:3000/" "Mozilla/5.0 (Windows NT 10.0; Win64; x64) AppleWebKit/537.36 (KHTML, like Gecko) Chrome/128.0.0.0 Safari/537.36"
::1 - - [09/Sep/2024:07:34:22 +0000] "GET /api/v1/places/66d6e838f279d10f70dec8ae HTTP/1.1" 200 3601 "http://localhost:3000/" "Mozilla/5.0 (Windows NT 10.0; Win64; x64) AppleWebKit/537.36 (KHTML, like Gecko) Chrome/128.0.0.0 Safari/537.36"
::1 - - [09/Sep/2024:07:34:22 +0000] "GET /api/v1/khoroos? HTTP/1.1" 200 63300 "http://localhost:3000/" "Mozilla/5.0 (Windows NT 10.0; Win64; x64) AppleWebKit/537.36 (KHTML, like Gecko) Chrome/128.0.0.0 Safari/537.36"
::1 - - [09/Sep/2024:07:34:22 +0000] "GET /api/v1/districts? HTTP/1.1" 200 669313 "http://localhost:3000/" "Mozilla/5.0 (Windows NT 10.0; Win64; x64) AppleWebKit/537.36 (KHTML, like Gecko) Chrome/128.0.0.0 Safari/537.36"
::1 - - [09/Sep/2024:07:34:22 +0000] "GET /api/v1/khoroos?all=true&cityId=66d5ed4b10b9647912d5ec86&districtId=66d5f33b73e3c4bbdec7170c HTTP/1.1" 200 29493 "http://localhost:3000/" "Mozilla/5.0 (Windows NT 10.0; Win64; x64) AppleWebKit/537.36 (KHTML, like Gecko) Chrome/128.0.0.0 Safari/537.36"
::1 - - [09/Sep/2024:07:34:23 +0000] "GET /api/v1/cities?all=true HTTP/1.1" 200 10856313 "http://localhost:3000/" "Mozilla/5.0 (Windows NT 10.0; Win64; x64) AppleWebKit/537.36 (KHTML, like Gecko) Chrome/128.0.0.0 Safari/537.36"
::1 - - [09/Sep/2024:07:34:23 +0000] "GET /api/v1/districts?all=true&cityId=66d5ed4b10b9647912d5ec86 HTTP/1.1" 200 4669219 "http://localhost:3000/" "Mozilla/5.0 (Windows NT 10.0; Win64; x64) AppleWebKit/537.36 (KHTML, like Gecko) Chrome/128.0.0.0 Safari/537.36"
::1 - - [09/Sep/2024:07:34:24 +0000] "GET /api/v1/cities? HTTP/1.1" 200 10856313 "http://localhost:3000/" "Mozilla/5.0 (Windows NT 10.0; Win64; x64) AppleWebKit/537.36 (KHTML, like Gecko) Chrome/128.0.0.0 Safari/537.36"
::1 - - [09/Sep/2024:07:43:17 +0000] "PUT /api/v1/places/66d6e838f279d10f70dec8ae HTTP/1.1" 200 1876 "http://localhost:3000/" "Mozilla/5.0 (Windows NT 10.0; Win64; x64) AppleWebKit/537.36 (KHTML, like Gecko) Chrome/128.0.0.0 Safari/537.36"
::1 - - [09/Sep/2024:07:43:18 +0000] "GET /api/v1/places? HTTP/1.1" 304 - "http://localhost:3000/" "Mozilla/5.0 (Windows NT 10.0; Win64; x64) AppleWebKit/537.36 (KHTML, like Gecko) Chrome/128.0.0.0 Safari/537.36"
::ffff:192.168.1.2 - - [09/Sep/2024:07:43:26 +0000] "GET /api/v1/places/search?query=Khov HTTP/1.1" 200 26 "-" "okhttp/4.9.2"
::ffff:192.168.1.2 - - [09/Sep/2024:07:43:26 +0000] "GET /api/v1/places/search?query=Khovd HTTP/1.1" 200 26 "-" "okhttp/4.9.2"
::ffff:192.168.1.2 - - [09/Sep/2024:09:49:29 +0000] "GET /api/v1/place-categories? HTTP/1.1" 304 - "-" "okhttp/4.9.2"
::ffff:192.168.1.2 - - [09/Sep/2024:09:52:19 +0000] "GET /api/v1/place-categories? HTTP/1.1" 304 - "-" "okhttp/4.9.2"
::ffff:192.168.1.2 - - [09/Sep/2024:09:52:28 +0000] "GET /api/v1/place-categories? HTTP/1.1" 304 - "-" "okhttp/4.9.2"
::ffff:192.168.1.2 - - [09/Sep/2024:09:53:02 +0000] "GET /api/v1/place-categories? HTTP/1.1" 304 - "-" "okhttp/4.9.2"
::ffff:192.168.1.2 - - [09/Sep/2024:09:53:30 +0000] "GET /api/v1/place-categories? HTTP/1.1" 304 - "-" "okhttp/4.9.2"
::ffff:192.168.1.2 - - [09/Sep/2024:09:53:43 +0000] "GET /api/v1/place-categories? HTTP/1.1" 304 - "-" "okhttp/4.9.2"
::ffff:192.168.1.2 - - [09/Sep/2024:09:53:44 +0000] "GET /api/v1/place-categories? HTTP/1.1" 304 - "-" "okhttp/4.9.2"
::ffff:192.168.1.2 - - [09/Sep/2024:09:58:13 +0000] "GET /api/v1/place-categories? HTTP/1.1" 304 - "-" "okhttp/4.9.2"
::ffff:192.168.1.2 - - [09/Sep/2024:09:58:54 +0000] "GET /api/v1/places?status=true HTTP/1.1" 304 - "-" "okhttp/4.9.2"
::ffff:192.168.1.2 - - [09/Sep/2024:09:58:54 +0000] "GET /api/v1/places?status=true&star=true HTTP/1.1" 304 - "-" "okhttp/4.9.2"
::ffff:192.168.1.2 - - [09/Sep/2024:17:29:30 +0000] "GET /api/v1/place-categories? HTTP/1.1" 304 - "-" "okhttp/4.9.2"
::ffff:192.168.1.2 - - [09/Sep/2024:17:29:30 +0000] "GET /api/v1/places?status=true HTTP/1.1" 304 - "-" "okhttp/4.9.2"
::ffff:192.168.1.2 - - [09/Sep/2024:17:29:46 +0000] "GET /api/v1/places?status=true HTTP/1.1" 304 - "-" "okhttp/4.9.2"
::ffff:192.168.1.2 - - [09/Sep/2024:17:30:13 +0000] "GET /api/v1/places?status=true HTTP/1.1" 304 - "-" "okhttp/4.9.2"
::ffff:192.168.1.14 - - [09/Sep/2024:17:30:16 +0000] "GET /api/v1/place-categories? HTTP/1.1" 304 - "-" "Expo/1017616 CFNetwork/1498.700.2 Darwin/23.6.0"
::ffff:192.168.1.14 - - [09/Sep/2024:17:30:16 +0000] "GET /api/v1/places?status=true HTTP/1.1" 304 - "-" "Expo/1017616 CFNetwork/1498.700.2 Darwin/23.6.0"
::ffff:192.168.1.14 - - [09/Sep/2024:17:30:16 +0000] "GET /api/v1/places?status=true HTTP/1.1" 304 - "-" "Expo/1017616 CFNetwork/1498.700.2 Darwin/23.6.0"
::ffff:192.168.1.14 - - [09/Sep/2024:17:30:27 +0000] "GET /api/v1/places?status=true&status=true&star=true HTTP/1.1" 200 14855 "-" "Expo/1017616 CFNetwork/1498.700.2 Darwin/23.6.0"
::ffff:192.168.1.2 - - [09/Sep/2024:17:30:27 +0000] "GET /api/v1/places?status=true&status=true&star=true HTTP/1.1" 200 14855 "-" "okhttp/4.9.2"
::ffff:192.168.1.14 - - [09/Sep/2024:17:30:40 +0000] "GET /api/v1/place-categories? HTTP/1.1" 304 - "-" "Expo/1017616 CFNetwork/1498.700.2 Darwin/23.6.0"
::ffff:192.168.1.14 - - [09/Sep/2024:17:30:40 +0000] "GET /api/v1/places?status=true&status=true&star=true HTTP/1.1" 304 - "-" "Expo/1017616 CFNetwork/1498.700.2 Darwin/23.6.0"
::ffff:192.168.1.14 - - [09/Sep/2024:17:30:46 +0000] "GET /api/v1/places?status=true&status=true&star=true HTTP/1.1" 304 - "-" "Expo/1017616 CFNetwork/1498.700.2 Darwin/23.6.0"
::ffff:192.168.1.2 - - [09/Sep/2024:17:30:47 +0000] "GET /api/v1/places?status=true&status=true&star=true HTTP/1.1" 304 - "-" "okhttp/4.9.2"
::ffff:192.168.1.2 - - [09/Sep/2024:17:30:47 +0000] "GET /api/v1/place-categories? HTTP/1.1" 304 - "-" "okhttp/4.9.2"
::ffff:192.168.1.14 - - [09/Sep/2024:17:31:56 +0000] "GET /api/v1/places?status=true&status=true&star=true HTTP/1.1" 304 - "-" "Expo/1017616 CFNetwork/1498.700.2 Darwin/23.6.0"
::ffff:192.168.1.2 - - [09/Sep/2024:17:31:56 +0000] "GET /api/v1/places?status=true&status=true&star=true HTTP/1.1" 304 - "-" "okhttp/4.9.2"
::ffff:192.168.1.2 - - [09/Sep/2024:17:32:14 +0000] "GET /api/v1/places?status=true&star=true HTTP/1.1" 304 - "-" "okhttp/4.9.2"
::ffff:192.168.1.14 - - [09/Sep/2024:17:32:14 +0000] "GET /api/v1/places?status=true&star=true HTTP/1.1" 304 - "-" "Expo/1017616 CFNetwork/1498.700.2 Darwin/23.6.0"
::ffff:192.168.1.14 - - [09/Sep/2024:17:32:23 +0000] "GET /api/v1/places?status=true&star=true HTTP/1.1" 304 - "-" "Expo/1017616 CFNetwork/1498.700.2 Darwin/23.6.0"
::ffff:192.168.1.2 - - [09/Sep/2024:17:32:23 +0000] "GET /api/v1/places?status=true&star=true HTTP/1.1" 304 - "-" "okhttp/4.9.2"
::ffff:192.168.1.14 - - [09/Sep/2024:17:32:35 +0000] "GET /api/v1/places?status=true&star=true HTTP/1.1" 304 - "-" "Expo/1017616 CFNetwork/1498.700.2 Darwin/23.6.0"
::ffff:192.168.1.2 - - [09/Sep/2024:17:32:35 +0000] "GET /api/v1/places?status=true&star=true HTTP/1.1" 304 - "-" "okhttp/4.9.2"
::ffff:192.168.1.14 - - [09/Sep/2024:17:33:00 +0000] "GET /api/v1/places?status=true&star=true HTTP/1.1" 304 - "-" "Expo/1017616 CFNetwork/1498.700.2 Darwin/23.6.0"
::ffff:192.168.1.2 - - [09/Sep/2024:17:33:00 +0000] "GET /api/v1/places?status=true&star=true HTTP/1.1" 304 - "-" "okhttp/4.9.2"
::ffff:192.168.1.14 - - [09/Sep/2024:17:33:17 +0000] "GET /api/v1/places?status=true&star=true HTTP/1.1" 304 - "-" "Expo/1017616 CFNetwork/1498.700.2 Darwin/23.6.0"
::ffff:192.168.1.2 - - [09/Sep/2024:17:33:17 +0000] "GET /api/v1/places?status=true&star=true HTTP/1.1" 304 - "-" "okhttp/4.9.2"
::ffff:192.168.1.14 - - [09/Sep/2024:17:33:24 +0000] "GET /api/v1/places?status=true&star=true HTTP/1.1" 304 - "-" "Expo/1017616 CFNetwork/1498.700.2 Darwin/23.6.0"
::ffff:192.168.1.2 - - [09/Sep/2024:17:33:24 +0000] "GET /api/v1/places?status=true&star=true HTTP/1.1" 304 - "-" "okhttp/4.9.2"
::ffff:192.168.1.14 - - [09/Sep/2024:17:33:36 +0000] "GET /api/v1/places?status=true&star=true HTTP/1.1" 304 - "-" "Expo/1017616 CFNetwork/1498.700.2 Darwin/23.6.0"
::ffff:192.168.1.2 - - [09/Sep/2024:17:33:36 +0000] "GET /api/v1/places?status=true&star=true HTTP/1.1" 304 - "-" "okhttp/4.9.2"
::ffff:192.168.1.14 - - [09/Sep/2024:17:36:28 +0000] "GET /api/v1/place-categories? HTTP/1.1" 304 - "-" "Expo/1017616 CFNetwork/1498.700.2 Darwin/23.6.0"
::ffff:192.168.1.14 - - [09/Sep/2024:17:36:28 +0000] "GET /api/v1/places?status=true&star=true HTTP/1.1" 304 - "-" "Expo/1017616 CFNetwork/1498.700.2 Darwin/23.6.0"
::ffff:192.168.1.14 - - [09/Sep/2024:17:37:13 +0000] "GET /api/v1/place-categories? HTTP/1.1" 304 - "-" "Expo/1017616 CFNetwork/1498.700.2 Darwin/23.6.0"
::ffff:192.168.1.14 - - [09/Sep/2024:17:37:13 +0000] "GET /api/v1/places?status=true&star=true HTTP/1.1" 304 - "-" "Expo/1017616 CFNetwork/1498.700.2 Darwin/23.6.0"
::ffff:192.168.1.2 - - [09/Sep/2024:17:37:18 +0000] "GET /api/v1/place-categories? HTTP/1.1" 304 - "-" "okhttp/4.9.2"
::ffff:192.168.1.2 - - [09/Sep/2024:17:37:18 +0000] "GET /api/v1/places?status=true&star=true HTTP/1.1" 304 - "-" "okhttp/4.9.2"
::ffff:192.168.1.14 - - [09/Sep/2024:17:37:48 +0000] "GET /api/v1/places?status=true&star=true HTTP/1.1" 304 - "-" "Expo/1017616 CFNetwork/1498.700.2 Darwin/23.6.0"
