::ffff:192.168.1.2 - - [09/Sep/2024:17:37:48 +0000] "GET /api/v1/places?status=true&star=true HTTP/1.1" 304 - "-" "okhttp/4.9.2"
::ffff:192.168.1.14 - - [09/Sep/2024:17:38:09 +0000] "GET /api/v1/places?status=true&star=true HTTP/1.1" 304 - "-" "Expo/1017616 CFNetwork/1498.700.2 Darwin/23.6.0"
::ffff:192.168.1.2 - - [09/Sep/2024:17:38:09 +0000] "GET /api/v1/places?status=true&star=true HTTP/1.1" 304 - "-" "okhttp/4.9.2"
::ffff:192.168.1.14 - - [09/Sep/2024:17:38:14 +0000] "GET /api/v1/places?status=true&star=true HTTP/1.1" 304 - "-" "Expo/1017616 CFNetwork/1498.700.2 Darwin/23.6.0"
::ffff:192.168.1.2 - - [09/Sep/2024:17:38:14 +0000] "GET /api/v1/places?status=true&star=true HTTP/1.1" 304 - "-" "okhttp/4.9.2"
::ffff:192.168.1.14 - - [09/Sep/2024:17:38:29 +0000] "GET /api/v1/rates/top-rated-places HTTP/1.1" 304 - "-" "Expo/1017616 CFNetwork/1498.700.2 Darwin/23.6.0"
::ffff:192.168.1.2 - - [09/Sep/2024:17:38:29 +0000] "GET /api/v1/rates/top-rated-places HTTP/1.1" 304 - "-" "okhttp/4.9.2"
::1 - - [09/Sep/2024:17:40:10 +0000] "GET /api/v1/users/checklogin HTTP/1.1" 200 16 "http://localhost:3000/" "Mozilla/5.0 (Windows NT 10.0; Win64; x64) AppleWebKit/537.36 (KHTML, like Gecko) Chrome/128.0.0.0 Safari/537.36"
::1 - - [09/Sep/2024:17:40:13 +0000] "GET /uploads/150x150/no-avatar.png HTTP/1.1" 404 168 "http://localhost:3000/" "Mozilla/5.0 (Windows NT 10.0; Win64; x64) AppleWebKit/537.36 (KHTML, like Gecko) Chrome/128.0.0.0 Safari/537.36"
::1 - - [09/Sep/2024:17:40:14 +0000] "GET /api/v1/users/count HTTP/1.1" 200 25 "http://localhost:3000/" "Mozilla/5.0 (Windows NT 10.0; Win64; x64) AppleWebKit/537.36 (KHTML, like Gecko) Chrome/128.0.0.0 Safari/537.36"
::1 - - [09/Sep/2024:17:40:14 +0000] "GET /api/v1/places/count HTTP/1.1" 200 27 "http://localhost:3000/" "Mozilla/5.0 (Windows NT 10.0; Win64; x64) AppleWebKit/537.36 (KHTML, like Gecko) Chrome/128.0.0.0 Safari/537.36"
::1 - - [09/Sep/2024:17:40:14 +0000] "GET /api/v1/news/count HTTP/1.1" 200 25 "http://localhost:3000/" "Mozilla/5.0 (Windows NT 10.0; Win64; x64) AppleWebKit/537.36 (KHTML, like Gecko) Chrome/128.0.0.0 Safari/537.36"
::1 - - [09/Sep/2024:17:40:14 +0000] "GET /uploads/150x150/no-avatar.png HTTP/1.1" 404 168 "http://localhost:3000/" "Mozilla/5.0 (Windows NT 10.0; Win64; x64) AppleWebKit/537.36 (KHTML, like Gecko) Chrome/128.0.0.0 Safari/537.36"
::1 - - [09/Sep/2024:17:40:23 +0000] "GET /api/v1/users/checklogin HTTP/1.1" 304 - "http://localhost:3000/" "Mozilla/5.0 (Windows NT 10.0; Win64; x64) AppleWebKit/537.36 (KHTML, like Gecko) Chrome/128.0.0.0 Safari/537.36"
::1 - - [09/Sep/2024:17:40:23 +0000] "GET /api/v1/users/count HTTP/1.1" 304 - "http://localhost:3000/" "Mozilla/5.0 (Windows NT 10.0; Win64; x64) AppleWebKit/537.36 (KHTML, like Gecko) Chrome/128.0.0.0 Safari/537.36"
::1 - - [09/Sep/2024:17:40:23 +0000] "GET /uploads/150x150/no-avatar.png HTTP/1.1" 404 168 "http://localhost:3000/" "Mozilla/5.0 (Windows NT 10.0; Win64; x64) AppleWebKit/537.36 (KHTML, like Gecko) Chrome/128.0.0.0 Safari/537.36"
::1 - - [09/Sep/2024:17:40:23 +0000] "GET /api/v1/places/count HTTP/1.1" 304 - "http://localhost:3000/" "Mozilla/5.0 (Windows NT 10.0; Win64; x64) AppleWebKit/537.36 (KHTML, like Gecko) Chrome/128.0.0.0 Safari/537.36"
::1 - - [09/Sep/2024:17:40:23 +0000] "GET /api/v1/news/count HTTP/1.1" 304 - "http://localhost:3000/" "Mozilla/5.0 (Windows NT 10.0; Win64; x64) AppleWebKit/537.36 (KHTML, like Gecko) Chrome/128.0.0.0 Safari/537.36"
::1 - - [09/Sep/2024:17:40:31 +0000] "GET /api/v1/places? HTTP/1.1" 200 26240 "http://localhost:3000/" "Mozilla/5.0 (Windows NT 10.0; Win64; x64) AppleWebKit/537.36 (KHTML, like Gecko) Chrome/128.0.0.0 Safari/537.36"
::1 - - [09/Sep/2024:17:40:37 +0000] "GET /api/v1/rates? HTTP/1.1" 200 113 "http://localhost:3000/" "Mozilla/5.0 (Windows NT 10.0; Win64; x64) AppleWebKit/537.36 (KHTML, like Gecko) Chrome/128.0.0.0 Safari/537.36"
::1 - - [09/Sep/2024:17:40:47 +0000] "GET /api/v1/rates? HTTP/1.1" 304 - "http://localhost:3000/" "Mozilla/5.0 (Windows NT 10.0; Win64; x64) AppleWebKit/537.36 (KHTML, like Gecko) Chrome/128.0.0.0 Safari/537.36"
::1 - - [09/Sep/2024:17:40:47 +0000] "GET /api/v1/places? HTTP/1.1" 304 - "http://localhost:3000/" "Mozilla/5.0 (Windows NT 10.0; Win64; x64) AppleWebKit/537.36 (KHTML, like Gecko) Chrome/128.0.0.0 Safari/537.36"
::1 - - [09/Sep/2024:17:40:56 +0000] "POST /api/v1/rates HTTP/1.1" 500 495 "http://localhost:3000/" "Mozilla/5.0 (Windows NT 10.0; Win64; x64) AppleWebKit/537.36 (KHTML, like Gecko) Chrome/128.0.0.0 Safari/537.36"
::1 - - [09/Sep/2024:17:40:59 +0000] "POST /api/v1/rates HTTP/1.1" 200 319 "http://localhost:3000/" "Mozilla/5.0 (Windows NT 10.0; Win64; x64) AppleWebKit/537.36 (KHTML, like Gecko) Chrome/128.0.0.0 Safari/537.36"
::1 - - [09/Sep/2024:17:41:00 +0000] "GET /api/v1/rates? HTTP/1.1" 200 2199 "http://localhost:3000/" "Mozilla/5.0 (Windows NT 10.0; Win64; x64) AppleWebKit/537.36 (KHTML, like Gecko) Chrome/128.0.0.0 Safari/537.36"
::ffff:192.168.1.14 - - [09/Sep/2024:17:41:15 +0000] "GET /api/v1/place-categories? HTTP/1.1" 304 - "-" "Expo/1017616 CFNetwork/1498.700.2 Darwin/23.6.0"
::ffff:192.168.1.14 - - [09/Sep/2024:17:41:15 +0000] "GET /api/v1/rates/top-rated-places HTTP/1.1" 304 - "-" "Expo/1017616 CFNetwork/1498.700.2 Darwin/23.6.0"
::ffff:192.168.1.14 - - [09/Sep/2024:17:41:15 +0000] "GET /api/v1/places?status=true&star=true HTTP/1.1" 304 - "-" "Expo/1017616 CFNetwork/1498.700.2 Darwin/23.6.0"
::ffff:192.168.1.2 - - [09/Sep/2024:17:41:19 +0000] "GET /api/v1/rates/top-rated-places HTTP/1.1" 304 - "-" "okhttp/4.9.2"
::ffff:192.168.1.2 - - [09/Sep/2024:17:41:19 +0000] "GET /api/v1/place-categories? HTTP/1.1" 304 - "-" "okhttp/4.9.2"
::ffff:192.168.1.2 - - [09/Sep/2024:17:41:19 +0000] "GET /api/v1/places?status=true&star=true HTTP/1.1" 304 - "-" "okhttp/4.9.2"
::ffff:192.168.1.14 - - [09/Sep/2024:17:41:37 +0000] "GET /api/v1/rates/top-rated-places HTTP/1.1" 304 - "-" "Expo/1017616 CFNetwork/1498.700.2 Darwin/23.6.0"
::ffff:192.168.1.2 - - [09/Sep/2024:17:41:37 +0000] "GET /api/v1/rates/top-rated-places HTTP/1.1" 304 - "-" "okhttp/4.9.2"
::ffff:192.168.1.14 - - [09/Sep/2024:17:43:15 +0000] "GET /api/v1/place-categories? HTTP/1.1" 304 - "-" "Expo/1017616 CFNetwork/1498.700.2 Darwin/23.6.0"
::ffff:192.168.1.14 - - [09/Sep/2024:17:43:15 +0000] "GET /api/v1/places?status=true&star=true HTTP/1.1" 304 - "-" "Expo/1017616 CFNetwork/1498.700.2 Darwin/23.6.0"
::ffff:192.168.1.2 - - [09/Sep/2024:17:43:15 +0000] "GET /api/v1/place-categories? HTTP/1.1" 304 - "-" "okhttp/4.9.2"
::ffff:192.168.1.2 - - [09/Sep/2024:17:43:16 +0000] "GET /api/v1/places?status=true&star=true HTTP/1.1" 304 - "-" "okhttp/4.9.2"
::ffff:192.168.1.14 - - [09/Sep/2024:17:43:17 +0000] "GET /api/v1/rates/top-rated-places HTTP/1.1" 304 - "-" "Expo/1017616 CFNetwork/1498.700.2 Darwin/23.6.0"
::ffff:192.168.1.2 - - [09/Sep/2024:17:43:17 +0000] "GET /api/v1/rates/top-rated-places HTTP/1.1" 304 - "-" "okhttp/4.9.2"
::ffff:192.168.1.14 - - [09/Sep/2024:17:43:23 +0000] "GET /api/v1/rates/top-rated-places HTTP/1.1" 304 - "-" "Expo/1017616 CFNetwork/1498.700.2 Darwin/23.6.0"
::ffff:192.168.1.2 - - [09/Sep/2024:17:43:23 +0000] "GET /api/v1/rates/top-rated-places HTTP/1.1" 304 - "-" "okhttp/4.9.2"
::ffff:192.168.1.14 - - [09/Sep/2024:17:43:32 +0000] "GET /api/v1/rates/top-rated-places HTTP/1.1" 304 - "-" "Expo/1017616 CFNetwork/1498.700.2 Darwin/23.6.0"
::ffff:192.168.1.2 - - [09/Sep/2024:17:43:32 +0000] "GET /api/v1/rates/top-rated-places HTTP/1.1" 304 - "-" "okhttp/4.9.2"
::1 - - [09/Sep/2024:17:43:48 +0000] "GET /api/v1/rates?page=1&limit=25&sort=status:ascend& HTTP/1.1" 200 2199 "http://localhost:3000/" "Mozilla/5.0 (Windows NT 10.0; Win64; x64) AppleWebKit/537.36 (KHTML, like Gecko) Chrome/128.0.0.0 Safari/537.36"
::1 - - [09/Sep/2024:17:43:50 +0000] "GET /api/v1/places? HTTP/1.1" 304 - "http://localhost:3000/" "Mozilla/5.0 (Windows NT 10.0; Win64; x64) AppleWebKit/537.36 (KHTML, like Gecko) Chrome/128.0.0.0 Safari/537.36"
::1 - - [09/Sep/2024:17:43:50 +0000] "GET /api/v1/rates? HTTP/1.1" 304 - "http://localhost:3000/" "Mozilla/5.0 (Windows NT 10.0; Win64; x64) AppleWebKit/537.36 (KHTML, like Gecko) Chrome/128.0.0.0 Safari/537.36"
::1 - - [09/Sep/2024:17:44:00 +0000] "POST /api/v1/rates HTTP/1.1" 200 404 "http://localhost:3000/" "Mozilla/5.0 (Windows NT 10.0; Win64; x64) AppleWebKit/537.36 (KHTML, like Gecko) Chrome/128.0.0.0 Safari/537.36"
::1 - - [09/Sep/2024:17:44:00 +0000] "GET /api/v1/rates? HTTP/1.1" 200 4867 "http://localhost:3000/" "Mozilla/5.0 (Windows NT 10.0; Win64; x64) AppleWebKit/537.36 (KHTML, like Gecko) Chrome/128.0.0.0 Safari/537.36"
::1 - - [09/Sep/2024:17:44:07 +0000] "GET /api/v1/rates/66df33e0260e96b05c2e65fe HTTP/1.1" 200 1886 "http://localhost:3000/" "Mozilla/5.0 (Windows NT 10.0; Win64; x64) AppleWebKit/537.36 (KHTML, like Gecko) Chrome/128.0.0.0 Safari/537.36"
::1 - - [09/Sep/2024:17:44:07 +0000] "GET /api/v1/rates? HTTP/1.1" 304 - "http://localhost:3000/" "Mozilla/5.0 (Windows NT 10.0; Win64; x64) AppleWebKit/537.36 (KHTML, like Gecko) Chrome/128.0.0.0 Safari/537.36"
::1 - - [09/Sep/2024:17:44:07 +0000] "GET /api/v1/places? HTTP/1.1" 304 - "http://localhost:3000/" "Mozilla/5.0 (Windows NT 10.0; Win64; x64) AppleWebKit/537.36 (KHTML, like Gecko) Chrome/128.0.0.0 Safari/537.36"
::1 - - [09/Sep/2024:17:44:11 +0000] "PUT /api/v1/rates/66df33e0260e96b05c2e65fe HTTP/1.1" 200 443 "http://localhost:3000/" "Mozilla/5.0 (Windows NT 10.0; Win64; x64) AppleWebKit/537.36 (KHTML, like Gecko) Chrome/128.0.0.0 Safari/537.36"
::1 - - [09/Sep/2024:17:44:11 +0000] "GET /api/v1/rates? HTTP/1.1" 200 5711 "http://localhost:3000/" "Mozilla/5.0 (Windows NT 10.0; Win64; x64) AppleWebKit/537.36 (KHTML, like Gecko) Chrome/128.0.0.0 Safari/537.36"
::1 - - [09/Sep/2024:17:44:13 +0000] "GET /api/v1/rates/66df332b260e96b05c2e65b7 HTTP/1.1" 200 1305 "http://localhost:3000/" "Mozilla/5.0 (Windows NT 10.0; Win64; x64) AppleWebKit/537.36 (KHTML, like Gecko) Chrome/128.0.0.0 Safari/537.36"
::1 - - [09/Sep/2024:17:44:13 +0000] "GET /api/v1/rates? HTTP/1.1" 304 - "http://localhost:3000/" "Mozilla/5.0 (Windows NT 10.0; Win64; x64) AppleWebKit/537.36 (KHTML, like Gecko) Chrome/128.0.0.0 Safari/537.36"
::1 - - [09/Sep/2024:17:44:13 +0000] "GET /api/v1/places? HTTP/1.1" 304 - "http://localhost:3000/" "Mozilla/5.0 (Windows NT 10.0; Win64; x64) AppleWebKit/537.36 (KHTML, like Gecko) Chrome/128.0.0.0 Safari/537.36"
::1 - - [09/Sep/2024:17:44:24 +0000] "PUT /api/v1/rates/66df332b260e96b05c2e65b7 HTTP/1.1" 200 358 "http://localhost:3000/" "Mozilla/5.0 (Windows NT 10.0; Win64; x64) AppleWebKit/537.36 (KHTML, like Gecko) Chrome/128.0.0.0 Safari/537.36"
::1 - - [09/Sep/2024:17:44:25 +0000] "GET /api/v1/rates? HTTP/1.1" 200 6555 "http://localhost:3000/" "Mozilla/5.0 (Windows NT 10.0; Win64; x64) AppleWebKit/537.36 (KHTML, like Gecko) Chrome/128.0.0.0 Safari/537.36"
::ffff:192.168.1.14 - - [09/Sep/2024:17:44:32 +0000] "GET /api/v1/place-categories? HTTP/1.1" 304 - "-" "Expo/1017616 CFNetwork/1498.700.2 Darwin/23.6.0"
::ffff:192.168.1.14 - - [09/Sep/2024:17:44:32 +0000] "GET /api/v1/places?status=true&star=true HTTP/1.1" 304 - "-" "Expo/1017616 CFNetwork/1498.700.2 Darwin/23.6.0"
::ffff:192.168.1.14 - - [09/Sep/2024:17:44:32 +0000] "GET /api/v1/rates/top-rated-places HTTP/1.1" 200 1434 "-" "Expo/1017616 CFNetwork/1498.700.2 Darwin/23.6.0"
::ffff:192.168.1.2 - - [09/Sep/2024:17:44:36 +0000] "GET /api/v1/place-categories? HTTP/1.1" 304 - "-" "okhttp/4.9.2"
::ffff:192.168.1.2 - - [09/Sep/2024:17:44:36 +0000] "GET /api/v1/places?status=true&star=true HTTP/1.1" 304 - "-" "okhttp/4.9.2"
::ffff:192.168.1.2 - - [09/Sep/2024:17:44:36 +0000] "GET /api/v1/rates/top-rated-places HTTP/1.1" 200 1434 "-" "okhttp/4.9.2"
::ffff:192.168.1.14 - - [09/Sep/2024:17:45:22 +0000] "GET /api/v1/place-categories? HTTP/1.1" 304 - "-" "Expo/1017616 CFNetwork/1498.700.2 Darwin/23.6.0"
::ffff:192.168.1.14 - - [09/Sep/2024:17:45:22 +0000] "GET /api/v1/rates/top-rated-places HTTP/1.1" 304 - "-" "Expo/1017616 CFNetwork/1498.700.2 Darwin/23.6.0"
::ffff:192.168.1.14 - - [09/Sep/2024:17:45:22 +0000] "GET /api/v1/places?status=true&star=true HTTP/1.1" 304 - "-" "Expo/1017616 CFNetwork/1498.700.2 Darwin/23.6.0"
::ffff:192.168.1.14 - - [09/Sep/2024:17:45:31 +0000] "GET /api/v1/rates/top-rated-places HTTP/1.1" 200 1434 "-" "Expo/1017616 CFNetwork/1498.700.2 Darwin/23.6.0"
::ffff:192.168.1.14 - - [09/Sep/2024:17:46:06 +0000] "GET /api/v1/rates/top-rated-places HTTP/1.1" 304 - "-" "Expo/1017616 CFNetwork/1498.700.2 Darwin/23.6.0"
::ffff:192.168.1.14 - - [09/Sep/2024:17:46:11 +0000] "GET /api/v1/rates/top-rated-places HTTP/1.1" 304 - "-" "Expo/1017616 CFNetwork/1498.700.2 Darwin/23.6.0"
::ffff:192.168.1.14 - - [09/Sep/2024:17:46:12 +0000] "GET /api/v1/rates/top-rated-places HTTP/1.1" 304 - "-" "Expo/1017616 CFNetwork/1498.700.2 Darwin/23.6.0"
::ffff:192.168.1.14 - - [09/Sep/2024:17:46:16 +0000] "GET /api/v1/rates/top-rated-places HTTP/1.1" 304 - "-" "Expo/1017616 CFNetwork/1498.700.2 Darwin/23.6.0"
::ffff:192.168.1.14 - - [09/Sep/2024:17:46:20 +0000] "GET /api/v1/rates/top-rated-places HTTP/1.1" 304 - "-" "Expo/1017616 CFNetwork/1498.700.2 Darwin/23.6.0"
::ffff:192.168.1.14 - - [09/Sep/2024:17:46:24 +0000] "GET /api/v1/rates/top-rated-places HTTP/1.1" 304 - "-" "Expo/1017616 CFNetwork/1498.700.2 Darwin/23.6.0"
::ffff:192.168.1.14 - - [09/Sep/2024:17:46:55 +0000] "GET /api/v1/place-categories? HTTP/1.1" 304 - "-" "Expo/1017616 CFNetwork/1498.700.2 Darwin/23.6.0"
::ffff:192.168.1.14 - - [09/Sep/2024:17:46:55 +0000] "GET /api/v1/rates/top-rated-places HTTP/1.1" 304 - "-" "Expo/1017616 CFNetwork/1498.700.2 Darwin/23.6.0"
::ffff:192.168.1.14 - - [09/Sep/2024:17:46:55 +0000] "GET /api/v1/places?status=true&star=true HTTP/1.1" 304 - "-" "Expo/1017616 CFNetwork/1498.700.2 Darwin/23.6.0"
::ffff:192.168.1.14 - - [09/Sep/2024:17:46:58 +0000] "GET /api/v1/rates/top-rated-places HTTP/1.1" 304 - "-" "Expo/1017616 CFNetwork/1498.700.2 Darwin/23.6.0"
::ffff:192.168.1.14 - - [09/Sep/2024:17:47:33 +0000] "GET /api/v1/place-categories? HTTP/1.1" 304 - "-" "Expo/1017616 CFNetwork/1498.700.2 Darwin/23.6.0"
::ffff:192.168.1.14 - - [09/Sep/2024:17:47:33 +0000] "GET /api/v1/rates/top-rated-places HTTP/1.1" 304 - "-" "Expo/1017616 CFNetwork/1498.700.2 Darwin/23.6.0"
::ffff:192.168.1.14 - - [09/Sep/2024:17:47:33 +0000] "GET /api/v1/places?status=true&star=true HTTP/1.1" 304 - "-" "Expo/1017616 CFNetwork/1498.700.2 Darwin/23.6.0"
::ffff:192.168.1.14 - - [09/Sep/2024:17:47:58 +0000] "GET /api/v1/place-categories? HTTP/1.1" 304 - "-" "Expo/1017616 CFNetwork/1498.700.2 Darwin/23.6.0"
::ffff:192.168.1.14 - - [09/Sep/2024:17:47:58 +0000] "GET /api/v1/rates/top-rated-places HTTP/1.1" 304 - "-" "Expo/1017616 CFNetwork/1498.700.2 Darwin/23.6.0"
::ffff:192.168.1.14 - - [09/Sep/2024:17:47:58 +0000] "GET /api/v1/places?status=true&star=true HTTP/1.1" 304 - "-" "Expo/1017616 CFNetwork/1498.700.2 Darwin/23.6.0"
::ffff:192.168.1.14 - - [09/Sep/2024:17:48:21 +0000] "GET /api/v1/places?undefined HTTP/1.1" 200 26240 "-" "Expo/1017616 CFNetwork/1498.700.2 Darwin/23.6.0"
::ffff:192.168.1.14 - - [09/Sep/2024:17:48:21 +0000] "GET /api/v1/places/random-place-categories HTTP/1.1" 200 22313 "-" "Expo/1017616 CFNetwork/1498.700.2 Darwin/23.6.0"
::ffff:192.168.1.14 - - [09/Sep/2024:17:49:13 +0000] "GET /api/v1/places/random-place-categories HTTP/1.1" 200 16956 "-" "Expo/1017616 CFNetwork/1498.700.2 Darwin/23.6.0"
::ffff:192.168.1.14 - - [09/Sep/2024:17:49:13 +0000] "GET /api/v1/places?undefined HTTP/1.1" 304 - "-" "Expo/1017616 CFNetwork/1498.700.2 Darwin/23.6.0"
::ffff:192.168.1.2 - - [10/Sep/2024:02:40:47 +0000] "GET /api/v1/place-categories? HTTP/1.1" 304 - "-" "okhttp/4.9.2"
::ffff:192.168.1.2 - - [10/Sep/2024:02:40:47 +0000] "GET /api/v1/places/random-place-categories HTTP/1.1" 200 158 "-" "okhttp/4.9.2"
::ffff:192.168.1.2 - - [10/Sep/2024:02:40:47 +0000] "GET /api/v1/rates/top-rated-places HTTP/1.1" 304 - "-" "okhttp/4.9.2"
::ffff:192.168.1.2 - - [10/Sep/2024:02:40:47 +0000] "GET /api/v1/places?status=true&star=true HTTP/1.1" 304 - "-" "okhttp/4.9.2"
::ffff:192.168.1.2 - - [10/Sep/2024:02:42:13 +0000] "GET /api/v1/place-categories? HTTP/1.1" 304 - "-" "okhttp/4.9.2"
::ffff:192.168.1.2 - - [10/Sep/2024:02:42:13 +0000] "GET /api/v1/rates/top-rated-places HTTP/1.1" 200 1434 "-" "okhttp/4.9.2"
::ffff:192.168.1.2 - - [10/Sep/2024:02:42:13 +0000] "GET /api/v1/places?status=true&star=true HTTP/1.1" 304 - "-" "okhttp/4.9.2"
::ffff:192.168.1.2 - - [10/Sep/2024:02:42:13 +0000] "GET /api/v1/places/random-place-categories HTTP/1.1" 200 22313 "-" "okhttp/4.9.2"
::ffff:192.168.1.2 - - [10/Sep/2024:02:44:45 +0000] "GET /api/v1/rates/top-rated-places HTTP/1.1" 304 - "-" "okhttp/4.9.2"
::ffff:192.168.1.2 - - [10/Sep/2024:02:44:45 +0000] "GET /api/v1/place-categories? HTTP/1.1" 304 - "-" "okhttp/4.9.2"
::ffff:192.168.1.2 - - [10/Sep/2024:02:44:45 +0000] "GET /api/v1/places?status=true&star=true HTTP/1.1" 304 - "-" "okhttp/4.9.2"
::ffff:192.168.1.2 - - [10/Sep/2024:02:44:45 +0000] "GET /api/v1/places/random-place-categories HTTP/1.1" 200 4366 "-" "okhttp/4.9.2"
::ffff:192.168.1.2 - - [10/Sep/2024:02:44:50 +0000] "GET /api/v1/place-categories? HTTP/1.1" 304 - "-" "okhttp/4.9.2"
::ffff:192.168.1.2 - - [10/Sep/2024:02:44:50 +0000] "GET /api/v1/rates/top-rated-places HTTP/1.1" 304 - "-" "okhttp/4.9.2"
::ffff:192.168.1.2 - - [10/Sep/2024:02:44:50 +0000] "GET /api/v1/places?status=true&star=true HTTP/1.1" 304 - "-" "okhttp/4.9.2"
::ffff:192.168.1.2 - - [10/Sep/2024:02:44:50 +0000] "GET /api/v1/places/random-place-categories HTTP/1.1" 200 10310 "-" "okhttp/4.9.2"
::ffff:192.168.1.2 - - [10/Sep/2024:02:44:54 +0000] "GET /api/v1/place-categories? HTTP/1.1" 304 - "-" "okhttp/4.9.2"
::ffff:192.168.1.2 - - [10/Sep/2024:02:44:54 +0000] "GET /api/v1/rates/top-rated-places HTTP/1.1" 304 - "-" "okhttp/4.9.2"
::ffff:192.168.1.2 - - [10/Sep/2024:02:44:54 +0000] "GET /api/v1/places/random-place-categories HTTP/1.1" 200 14499 "-" "okhttp/4.9.2"
::ffff:192.168.1.2 - - [10/Sep/2024:02:44:54 +0000] "GET /api/v1/places?status=true&star=true HTTP/1.1" 304 - "-" "okhttp/4.9.2"
::ffff:192.168.1.2 - - [10/Sep/2024:02:44:58 +0000] "GET /api/v1/place-categories? HTTP/1.1" 304 - "-" "okhttp/4.9.2"
::ffff:192.168.1.2 - - [10/Sep/2024:02:44:58 +0000] "GET /api/v1/rates/top-rated-places HTTP/1.1" 304 - "-" "okhttp/4.9.2"
::ffff:192.168.1.2 - - [10/Sep/2024:02:44:58 +0000] "GET /api/v1/places/random-place-categories HTTP/1.1" 200 166 "-" "okhttp/4.9.2"
::ffff:192.168.1.2 - - [10/Sep/2024:02:44:58 +0000] "GET /api/v1/places?status=true&star=true HTTP/1.1" 304 - "-" "okhttp/4.9.2"
::ffff:192.168.1.2 - - [10/Sep/2024:02:45:01 +0000] "GET /api/v1/place-categories? HTTP/1.1" 304 - "-" "okhttp/4.9.2"
::ffff:192.168.1.2 - - [10/Sep/2024:02:45:01 +0000] "GET /api/v1/places/random-place-categories HTTP/1.1" 200 15086 "-" "okhttp/4.9.2"
::ffff:192.168.1.2 - - [10/Sep/2024:02:45:01 +0000] "GET /api/v1/places?status=true&star=true HTTP/1.1" 304 - "-" "okhttp/4.9.2"
::ffff:192.168.1.2 - - [10/Sep/2024:02:45:01 +0000] "GET /api/v1/rates/top-rated-places HTTP/1.1" 304 - "-" "okhttp/4.9.2"
::ffff:192.168.1.2 - - [10/Sep/2024:02:45:13 +0000] "GET /api/v1/rates/top-rated-places HTTP/1.1" 304 - "-" "okhttp/4.9.2"
::ffff:192.168.1.2 - - [10/Sep/2024:02:45:13 +0000] "GET /api/v1/place-categories? HTTP/1.1" 304 - "-" "okhttp/4.9.2"
::ffff:192.168.1.2 - - [10/Sep/2024:02:45:13 +0000] "GET /api/v1/places?status=true&star=true HTTP/1.1" 304 - "-" "okhttp/4.9.2"
::ffff:192.168.1.2 - - [10/Sep/2024:02:45:13 +0000] "GET /api/v1/places/random-place-categories HTTP/1.1" 200 14499 "-" "okhttp/4.9.2"
::ffff:192.168.1.2 - - [10/Sep/2024:02:45:19 +0000] "GET /api/v1/rates/top-rated-places HTTP/1.1" 200 1434 "-" "okhttp/4.9.2"
::ffff:192.168.1.2 - - [10/Sep/2024:02:45:19 +0000] "GET /api/v1/place-categories? HTTP/1.1" 304 - "-" "okhttp/4.9.2"
::ffff:192.168.1.2 - - [10/Sep/2024:02:45:19 +0000] "GET /api/v1/places?status=true&star=true HTTP/1.1" 304 - "-" "okhttp/4.9.2"
::ffff:192.168.1.2 - - [10/Sep/2024:02:45:19 +0000] "GET /api/v1/places/random-place-categories HTTP/1.1" 200 4358 "-" "okhttp/4.9.2"
::ffff:192.168.1.2 - - [10/Sep/2024:03:04:53 +0000] "GET /api/v1/place-categories? HTTP/1.1" 304 - "-" "okhttp/4.9.2"
::ffff:192.168.1.2 - - [10/Sep/2024:03:04:53 +0000] "GET /api/v1/places?status=true&star=true HTTP/1.1" 304 - "-" "okhttp/4.9.2"
::ffff:192.168.1.2 - - [10/Sep/2024:03:04:53 +0000] "GET /api/v1/rates/top-rated-places HTTP/1.1" 304 - "-" "okhttp/4.9.2"
::ffff:192.168.1.2 - - [10/Sep/2024:03:04:53 +0000] "GET /api/v1/places/random-place-categories HTTP/1.1" 200 22313 "-" "okhttp/4.9.2"
::ffff:192.168.1.2 - - [10/Sep/2024:03:05:00 +0000] "GET /api/v1/rates/top-rated-places HTTP/1.1" 200 1434 "-" "okhttp/4.9.2"
::ffff:192.168.1.2 - - [10/Sep/2024:03:05:00 +0000] "GET /api/v1/place-categories? HTTP/1.1" 304 - "-" "okhttp/4.9.2"
::ffff:192.168.1.2 - - [10/Sep/2024:03:05:00 +0000] "GET /api/v1/places?status=true&star=true HTTP/1.1" 304 - "-" "okhttp/4.9.2"
::ffff:192.168.1.2 - - [10/Sep/2024:03:05:00 +0000] "GET /api/v1/places/random-place-categories HTTP/1.1" 200 169 "-" "okhttp/4.9.2"
::ffff:192.168.1.2 - - [10/Sep/2024:03:05:53 +0000] "GET /api/v1/rates/top-rated-places HTTP/1.1" 200 1434 "-" "okhttp/4.9.2"
::ffff:192.168.1.2 - - [10/Sep/2024:03:05:53 +0000] "GET /api/v1/places?status=true&star=true HTTP/1.1" 304 - "-" "okhttp/4.9.2"
::ffff:192.168.1.2 - - [10/Sep/2024:03:05:53 +0000] "GET /api/v1/place-categories? HTTP/1.1" 304 - "-" "okhttp/4.9.2"
::ffff:192.168.1.2 - - [10/Sep/2024:03:05:54 +0000] "GET /api/v1/places/random-place-categories HTTP/1.1" 200 10299 "-" "okhttp/4.9.2"
::ffff:192.168.1.2 - - [10/Sep/2024:10:58:37 +0000] "GET /api/v1/place-categories? HTTP/1.1" 304 - "-" "okhttp/4.9.2"
::ffff:192.168.1.2 - - [10/Sep/2024:11:07:19 +0000] "GET /api/v1/place-categories? HTTP/1.1" 304 - "-" "okhttp/4.9.2"
::ffff:192.168.1.2 - - [10/Sep/2024:11:07:25 +0000] "GET /api/v1/place-categories? HTTP/1.1" 304 - "-" "okhttp/4.9.2"
::ffff:192.168.1.2 - - [10/Sep/2024:11:07:37 +0000] "GET /api/v1/place-categories? HTTP/1.1" 304 - "-" "okhttp/4.9.2"
::ffff:192.168.1.2 - - [10/Sep/2024:11:09:13 +0000] "GET /api/v1/place-categories? HTTP/1.1" 304 - "-" "okhttp/4.9.2"
::ffff:192.168.1.2 - - [10/Sep/2024:11:09:22 +0000] "GET /api/v1/place-categories? HTTP/1.1" 304 - "-" "okhttp/4.9.2"
::ffff:192.168.1.2 - - [10/Sep/2024:11:09:36 +0000] "GET /api/v1/place-categories? HTTP/1.1" 304 - "-" "okhttp/4.9.2"
::ffff:192.168.1.2 - - [10/Sep/2024:11:09:44 +0000] "GET /api/v1/place-categories? HTTP/1.1" 304 - "-" "okhttp/4.9.2"
::ffff:192.168.1.2 - - [10/Sep/2024:11:12:33 +0000] "GET /api/v1/place-categories? HTTP/1.1" 304 - "-" "okhttp/4.9.2"
::ffff:192.168.1.2 - - [10/Sep/2024:11:12:38 +0000] "GET /api/v1/place-categories? HTTP/1.1" 304 - "-" "okhttp/4.9.2"
::ffff:192.168.1.2 - - [10/Sep/2024:11:13:26 +0000] "GET /api/v1/place-categories? HTTP/1.1" 304 - "-" "okhttp/4.9.2"
::ffff:192.168.1.2 - - [10/Sep/2024:11:15:42 +0000] "GET /api/v1/place-categories? HTTP/1.1" 304 - "-" "okhttp/4.9.2"
::ffff:192.168.1.2 - - [10/Sep/2024:11:15:51 +0000] "GET /api/v1/place-categories? HTTP/1.1" 304 - "-" "okhttp/4.9.2"
::ffff:192.168.1.2 - - [10/Sep/2024:11:31:32 +0000] "GET /api/v1/place-categories? HTTP/1.1" 304 - "-" "okhttp/4.9.2"
::ffff:192.168.1.2 - - [10/Sep/2024:11:37:06 +0000] "GET /api/v1/place-categories? HTTP/1.1" 304 - "-" "okhttp/4.9.2"
::ffff:192.168.1.14 - - [10/Sep/2024:11:42:34 +0000] "GET /api/v1/place-categories? HTTP/1.1" 304 - "-" "Expo/1017616 CFNetwork/1498.700.2 Darwin/23.6.0"
::ffff:192.168.1.14 - - [10/Sep/2024:14:14:11 +0000] "GET /api/v1/place-categories? HTTP/1.1" 304 - "-" "Expo/1017616 CFNetwork/1498.700.2 Darwin/23.6.0"
::ffff:192.168.1.14 - - [10/Sep/2024:14:18:17 +0000] "GET /api/v1/place-categories? HTTP/1.1" 304 - "-" "Expo/1017616 CFNetwork/1498.700.2 Darwin/23.6.0"
::ffff:192.168.1.2 - - [10/Sep/2024:14:18:18 +0000] "GET /api/v1/place-categories? HTTP/1.1" 304 - "-" "okhttp/4.9.2"
::ffff:192.168.1.14 - - [10/Sep/2024:14:29:04 +0000] "GET /api/v1/place-categories? HTTP/1.1" 304 - "-" "Expo/1017616 CFNetwork/1498.700.2 Darwin/23.6.0"
::ffff:192.168.1.2 - - [10/Sep/2024:14:29:04 +0000] "GET /api/v1/place-categories? HTTP/1.1" 304 - "-" "okhttp/4.9.2"
::ffff:192.168.1.14 - - [10/Sep/2024:14:32:25 +0000] "GET /api/v1/place-categories? HTTP/1.1" 304 - "-" "Expo/1017616 CFNetwork/1498.700.2 Darwin/23.6.0"
::ffff:192.168.1.2 - - [10/Sep/2024:14:32:26 +0000] "GET /api/v1/place-categories? HTTP/1.1" 304 - "-" "okhttp/4.9.2"
::ffff:192.168.1.14 - - [10/Sep/2024:14:38:40 +0000] "GET /api/v1/place-categories? HTTP/1.1" 304 - "-" "Expo/1017616 CFNetwork/1498.700.2 Darwin/23.6.0"
::ffff:192.168.1.2 - - [10/Sep/2024:14:38:43 +0000] "GET /api/v1/place-categories? HTTP/1.1" 304 - "-" "okhttp/4.9.2"
::ffff:192.168.1.14 - - [10/Sep/2024:14:43:22 +0000] "GET /api/v1/place-categories? HTTP/1.1" 304 - "-" "Expo/1017616 CFNetwork/1498.700.2 Darwin/23.6.0"
::ffff:192.168.1.14 - - [10/Sep/2024:14:43:23 +0000] "GET /api/v1/places? HTTP/1.1" 200 26240 "-" "Expo/1017616 CFNetwork/1498.700.2 Darwin/23.6.0"
::ffff:192.168.1.2 - - [10/Sep/2024:14:43:23 +0000] "GET /api/v1/places? HTTP/1.1" 200 26240 "-" "okhttp/4.9.2"
::ffff:192.168.1.2 - - [10/Sep/2024:14:43:23 +0000] "GET /api/v1/place-categories? HTTP/1.1" 304 - "-" "okhttp/4.9.2"
::ffff:192.168.1.14 - - [10/Sep/2024:14:44:52 +0000] "GET /api/v1/place-categories? HTTP/1.1" 304 - "-" "Expo/1017616 CFNetwork/1498.700.2 Darwin/23.6.0"
::ffff:192.168.1.14 - - [10/Sep/2024:14:44:52 +0000] "GET /api/v1/places? HTTP/1.1" 304 - "-" "Expo/1017616 CFNetwork/1498.700.2 Darwin/23.6.0"
::ffff:192.168.1.2 - - [10/Sep/2024:14:44:53 +0000] "GET /api/v1/place-categories? HTTP/1.1" 304 - "-" "okhttp/4.9.2"
::ffff:192.168.1.2 - - [10/Sep/2024:14:44:53 +0000] "GET /api/v1/places? HTTP/1.1" 304 - "-" "okhttp/4.9.2"
::ffff:192.168.1.14 - - [10/Sep/2024:14:52:04 +0000] "GET /api/v1/place-categories? HTTP/1.1" 304 - "-" "Expo/1017616 CFNetwork/1498.700.2 Darwin/23.6.0"
::ffff:192.168.1.14 - - [10/Sep/2024:14:52:04 +0000] "GET /api/v1/places? HTTP/1.1" 304 - "-" "Expo/1017616 CFNetwork/1498.700.2 Darwin/23.6.0"
::ffff:192.168.1.2 - - [10/Sep/2024:14:52:13 +0000] "GET /api/v1/place-categories? HTTP/1.1" 304 - "-" "okhttp/4.9.2"
::ffff:192.168.1.2 - - [10/Sep/2024:14:52:13 +0000] "GET /api/v1/places? HTTP/1.1" 304 - "-" "okhttp/4.9.2"
::ffff:192.168.1.14 - - [10/Sep/2024:14:52:31 +0000] "GET /api/v1/place-categories? HTTP/1.1" 304 - "-" "Expo/1017616 CFNetwork/1498.700.2 Darwin/23.6.0"
::ffff:192.168.1.14 - - [10/Sep/2024:14:52:31 +0000] "GET /api/v1/places? HTTP/1.1" 304 - "-" "Expo/1017616 CFNetwork/1498.700.2 Darwin/23.6.0"
::ffff:192.168.1.2 - - [10/Sep/2024:14:52:32 +0000] "GET /api/v1/place-categories? HTTP/1.1" 304 - "-" "okhttp/4.9.2"
::ffff:192.168.1.2 - - [10/Sep/2024:14:52:32 +0000] "GET /api/v1/places? HTTP/1.1" 304 - "-" "okhttp/4.9.2"
::ffff:192.168.1.14 - - [10/Sep/2024:14:52:58 +0000] "GET /api/v1/place-categories? HTTP/1.1" 304 - "-" "Expo/1017616 CFNetwork/1498.700.2 Darwin/23.6.0"
::ffff:192.168.1.14 - - [10/Sep/2024:14:52:58 +0000] "GET /api/v1/places? HTTP/1.1" 304 - "-" "Expo/1017616 CFNetwork/1498.700.2 Darwin/23.6.0"
::ffff:192.168.1.2 - - [10/Sep/2024:14:52:59 +0000] "GET /api/v1/place-categories? HTTP/1.1" 304 - "-" "okhttp/4.9.2"
::ffff:192.168.1.2 - - [10/Sep/2024:14:52:59 +0000] "GET /api/v1/places? HTTP/1.1" 304 - "-" "okhttp/4.9.2"
::ffff:192.168.1.14 - - [10/Sep/2024:14:53:25 +0000] "GET /api/v1/place-categories? HTTP/1.1" 304 - "-" "Expo/1017616 CFNetwork/1498.700.2 Darwin/23.6.0"
::ffff:192.168.1.14 - - [10/Sep/2024:14:53:25 +0000] "GET /api/v1/places? HTTP/1.1" 304 - "-" "Expo/1017616 CFNetwork/1498.700.2 Darwin/23.6.0"
::ffff:192.168.1.2 - - [10/Sep/2024:14:53:26 +0000] "GET /api/v1/place-categories? HTTP/1.1" 304 - "-" "okhttp/4.9.2"
::ffff:192.168.1.2 - - [10/Sep/2024:14:53:26 +0000] "GET /api/v1/places? HTTP/1.1" 304 - "-" "okhttp/4.9.2"
::ffff:192.168.1.14 - - [10/Sep/2024:14:53:35 +0000] "GET /api/v1/place-categories? HTTP/1.1" 304 - "-" "Expo/1017616 CFNetwork/1498.700.2 Darwin/23.6.0"
::ffff:192.168.1.14 - - [10/Sep/2024:14:53:35 +0000] "GET /api/v1/places? HTTP/1.1" 304 - "-" "Expo/1017616 CFNetwork/1498.700.2 Darwin/23.6.0"
::ffff:192.168.1.2 - - [10/Sep/2024:14:53:35 +0000] "GET /api/v1/place-categories? HTTP/1.1" 304 - "-" "okhttp/4.9.2"
::ffff:192.168.1.2 - - [10/Sep/2024:14:53:35 +0000] "GET /api/v1/places? HTTP/1.1" 304 - "-" "okhttp/4.9.2"
::ffff:192.168.1.14 - - [10/Sep/2024:14:53:41 +0000] "GET /api/v1/place-categories? HTTP/1.1" 304 - "-" "Expo/1017616 CFNetwork/1498.700.2 Darwin/23.6.0"
::ffff:192.168.1.14 - - [10/Sep/2024:14:53:41 +0000] "GET /api/v1/places? HTTP/1.1" 304 - "-" "Expo/1017616 CFNetwork/1498.700.2 Darwin/23.6.0"
::ffff:192.168.1.2 - - [10/Sep/2024:14:53:42 +0000] "GET /api/v1/place-categories? HTTP/1.1" 304 - "-" "okhttp/4.9.2"
::ffff:192.168.1.2 - - [10/Sep/2024:14:53:42 +0000] "GET /api/v1/places? HTTP/1.1" 304 - "-" "okhttp/4.9.2"
::ffff:192.168.1.14 - - [10/Sep/2024:14:53:56 +0000] "GET /api/v1/place-categories? HTTP/1.1" 304 - "-" "Expo/1017616 CFNetwork/1498.700.2 Darwin/23.6.0"
::ffff:192.168.1.14 - - [10/Sep/2024:14:53:56 +0000] "GET /api/v1/places? HTTP/1.1" 304 - "-" "Expo/1017616 CFNetwork/1498.700.2 Darwin/23.6.0"
::ffff:192.168.1.2 - - [10/Sep/2024:14:53:57 +0000] "GET /api/v1/places? HTTP/1.1" 304 - "-" "okhttp/4.9.2"
::ffff:192.168.1.2 - - [10/Sep/2024:14:53:57 +0000] "GET /api/v1/place-categories? HTTP/1.1" 304 - "-" "okhttp/4.9.2"
::ffff:192.168.1.14 - - [10/Sep/2024:14:54:12 +0000] "GET /api/v1/place-categories? HTTP/1.1" 304 - "-" "Expo/1017616 CFNetwork/1498.700.2 Darwin/23.6.0"
::ffff:192.168.1.14 - - [10/Sep/2024:14:54:12 +0000] "GET /api/v1/places? HTTP/1.1" 304 - "-" "Expo/1017616 CFNetwork/1498.700.2 Darwin/23.6.0"
::ffff:192.168.1.2 - - [10/Sep/2024:14:54:12 +0000] "GET /api/v1/places? HTTP/1.1" 304 - "-" "okhttp/4.9.2"
::ffff:192.168.1.2 - - [10/Sep/2024:14:54:13 +0000] "GET /api/v1/place-categories? HTTP/1.1" 304 - "-" "okhttp/4.9.2"
::ffff:192.168.1.14 - - [10/Sep/2024:14:54:15 +0000] "GET /api/v1/place-categories? HTTP/1.1" 304 - "-" "Expo/1017616 CFNetwork/1498.700.2 Darwin/23.6.0"
::ffff:192.168.1.14 - - [10/Sep/2024:14:54:15 +0000] "GET /api/v1/places? HTTP/1.1" 304 - "-" "Expo/1017616 CFNetwork/1498.700.2 Darwin/23.6.0"
::ffff:192.168.1.2 - - [10/Sep/2024:14:54:15 +0000] "GET /api/v1/place-categories? HTTP/1.1" 304 - "-" "okhttp/4.9.2"
::ffff:192.168.1.2 - - [10/Sep/2024:14:54:15 +0000] "GET /api/v1/places? HTTP/1.1" 304 - "-" "okhttp/4.9.2"
::ffff:192.168.1.14 - - [10/Sep/2024:14:54:20 +0000] "GET /api/v1/place-categories? HTTP/1.1" 304 - "-" "Expo/1017616 CFNetwork/1498.700.2 Darwin/23.6.0"
::ffff:192.168.1.14 - - [10/Sep/2024:14:54:20 +0000] "GET /api/v1/places? HTTP/1.1" 304 - "-" "Expo/1017616 CFNetwork/1498.700.2 Darwin/23.6.0"
::ffff:192.168.1.2 - - [10/Sep/2024:14:54:21 +0000] "GET /api/v1/place-categories? HTTP/1.1" 304 - "-" "okhttp/4.9.2"
::ffff:192.168.1.2 - - [10/Sep/2024:14:54:21 +0000] "GET /api/v1/places? HTTP/1.1" 304 - "-" "okhttp/4.9.2"
::ffff:192.168.1.14 - - [10/Sep/2024:14:54:52 +0000] "GET /api/v1/place-categories? HTTP/1.1" 304 - "-" "Expo/1017616 CFNetwork/1498.700.2 Darwin/23.6.0"
::ffff:192.168.1.14 - - [10/Sep/2024:14:54:52 +0000] "GET /api/v1/places? HTTP/1.1" 304 - "-" "Expo/1017616 CFNetwork/1498.700.2 Darwin/23.6.0"
::ffff:192.168.1.2 - - [10/Sep/2024:14:54:52 +0000] "GET /api/v1/places? HTTP/1.1" 304 - "-" "okhttp/4.9.2"
::ffff:192.168.1.2 - - [10/Sep/2024:14:54:52 +0000] "GET /api/v1/place-categories? HTTP/1.1" 304 - "-" "okhttp/4.9.2"
::ffff:192.168.1.14 - - [10/Sep/2024:14:55:32 +0000] "GET /api/v1/places?status=true&star=true HTTP/1.1" 304 - "-" "Expo/1017616 CFNetwork/1498.700.2 Darwin/23.6.0"
::ffff:192.168.1.2 - - [10/Sep/2024:14:55:32 +0000] "GET /api/v1/places?status=true&star=true HTTP/1.1" 304 - "-" "okhttp/4.9.2"
::ffff:192.168.1.14 - - [10/Sep/2024:15:04:07 +0000] "GET /api/v1/place-categories? HTTP/1.1" 304 - "-" "Expo/1017616 CFNetwork/1498.700.2 Darwin/23.6.0"
::ffff:192.168.1.14 - - [10/Sep/2024:15:04:07 +0000] "GET /api/v1/places?status=true&star=true HTTP/1.1" 304 - "-" "Expo/1017616 CFNetwork/1498.700.2 Darwin/23.6.0"
::ffff:192.168.1.2 - - [10/Sep/2024:15:04:07 +0000] "GET /api/v1/place-categories? HTTP/1.1" 304 - "-" "okhttp/4.9.2"
::ffff:192.168.1.2 - - [10/Sep/2024:15:04:07 +0000] "GET /api/v1/places?status=true&star=true HTTP/1.1" 304 - "-" "okhttp/4.9.2"
::ffff:192.168.1.14 - - [10/Sep/2024:15:09:04 +0000] "GET /api/v1/place-categories? HTTP/1.1" 304 - "-" "Expo/1017616 CFNetwork/1498.700.2 Darwin/23.6.0"
::ffff:192.168.1.14 - - [10/Sep/2024:15:09:04 +0000] "GET /api/v1/places?status=true&star=true HTTP/1.1" 304 - "-" "Expo/1017616 CFNetwork/1498.700.2 Darwin/23.6.0"
::ffff:192.168.1.14 - - [10/Sep/2024:15:09:04 +0000] "GET /api/v1/rates/top-rated-places HTTP/1.1" 200 1434 "-" "Expo/1017616 CFNetwork/1498.700.2 Darwin/23.6.0"
::ffff:192.168.1.2 - - [10/Sep/2024:15:09:04 +0000] "GET /api/v1/places?status=true&star=true HTTP/1.1" 304 - "-" "okhttp/4.9.2"
::ffff:192.168.1.2 - - [10/Sep/2024:15:09:04 +0000] "GET /api/v1/place-categories? HTTP/1.1" 304 - "-" "okhttp/4.9.2"
::ffff:192.168.1.2 - - [10/Sep/2024:15:09:04 +0000] "GET /api/v1/rates/top-rated-places HTTP/1.1" 304 - "-" "okhttp/4.9.2"
::ffff:192.168.1.14 - - [10/Sep/2024:15:09:43 +0000] "GET /api/v1/rates/top-rated-places HTTP/1.1" 200 1434 "-" "Expo/1017616 CFNetwork/1498.700.2 Darwin/23.6.0"
::ffff:192.168.1.2 - - [10/Sep/2024:15:09:44 +0000] "GET /api/v1/rates/top-rated-places HTTP/1.1" 200 1434 "-" "okhttp/4.9.2"
::ffff:192.168.1.14 - - [10/Sep/2024:15:10:02 +0000] "GET /api/v1/place-categories? HTTP/1.1" 304 - "-" "Expo/1017616 CFNetwork/1498.700.2 Darwin/23.6.0"
::ffff:192.168.1.14 - - [10/Sep/2024:15:10:02 +0000] "GET /api/v1/rates/top-rated-places HTTP/1.1" 200 1434 "-" "Expo/1017616 CFNetwork/1498.700.2 Darwin/23.6.0"
::ffff:192.168.1.14 - - [10/Sep/2024:15:10:02 +0000] "GET /api/v1/places?status=true&star=true HTTP/1.1" 304 - "-" "Expo/1017616 CFNetwork/1498.700.2 Darwin/23.6.0"
::ffff:192.168.1.2 - - [10/Sep/2024:15:10:03 +0000] "GET /api/v1/rates/top-rated-places HTTP/1.1" 304 - "-" "okhttp/4.9.2"
::ffff:192.168.1.2 - - [10/Sep/2024:15:10:03 +0000] "GET /api/v1/place-categories? HTTP/1.1" 304 - "-" "okhttp/4.9.2"
::ffff:192.168.1.2 - - [10/Sep/2024:15:10:03 +0000] "GET /api/v1/places?status=true&star=true HTTP/1.1" 304 - "-" "okhttp/4.9.2"
::ffff:192.168.1.14 - - [10/Sep/2024:15:10:48 +0000] "GET /api/v1/place-categories? HTTP/1.1" 304 - "-" "Expo/1017616 CFNetwork/1498.700.2 Darwin/23.6.0"
::ffff:192.168.1.14 - - [10/Sep/2024:15:10:48 +0000] "GET /api/v1/rates/top-rated-places HTTP/1.1" 304 - "-" "Expo/1017616 CFNetwork/1498.700.2 Darwin/23.6.0"
::ffff:192.168.1.14 - - [10/Sep/2024:15:10:48 +0000] "GET /api/v1/places?status=true&star=true HTTP/1.1" 304 - "-" "Expo/1017616 CFNetwork/1498.700.2 Darwin/23.6.0"
::ffff:192.168.1.2 - - [10/Sep/2024:15:10:48 +0000] "GET /api/v1/rates/top-rated-places HTTP/1.1" 304 - "-" "okhttp/4.9.2"
::ffff:192.168.1.2 - - [10/Sep/2024:15:10:48 +0000] "GET /api/v1/place-categories? HTTP/1.1" 304 - "-" "okhttp/4.9.2"
::ffff:192.168.1.2 - - [10/Sep/2024:15:10:48 +0000] "GET /api/v1/places?status=true&star=true HTTP/1.1" 304 - "-" "okhttp/4.9.2"
::ffff:192.168.1.14 - - [10/Sep/2024:15:11:59 +0000] "GET /api/v1/places?status=true&star=true HTTP/1.1" 304 - "-" "Expo/1017616 CFNetwork/1498.700.2 Darwin/23.6.0"
::ffff:192.168.1.14 - - [10/Sep/2024:15:11:59 +0000] "GET /api/v1/place-categories? HTTP/1.1" 304 - "-" "Expo/1017616 CFNetwork/1498.700.2 Darwin/23.6.0"
::ffff:192.168.1.14 - - [10/Sep/2024:15:11:59 +0000] "GET /api/v1/rates/top-rated-places HTTP/1.1" 304 - "-" "Expo/1017616 CFNetwork/1498.700.2 Darwin/23.6.0"
::ffff:192.168.1.2 - - [10/Sep/2024:15:11:59 +0000] "GET /api/v1/rates/top-rated-places HTTP/1.1" 200 1434 "-" "okhttp/4.9.2"
::ffff:192.168.1.2 - - [10/Sep/2024:15:11:59 +0000] "GET /api/v1/place-categories? HTTP/1.1" 304 - "-" "okhttp/4.9.2"
::ffff:192.168.1.2 - - [10/Sep/2024:15:11:59 +0000] "GET /api/v1/places?status=true&star=true HTTP/1.1" 304 - "-" "okhttp/4.9.2"
::ffff:192.168.1.14 - - [10/Sep/2024:15:12:23 +0000] "GET /api/v1/rates/top-rated-places HTTP/1.1" 304 - "-" "Expo/1017616 CFNetwork/1498.700.2 Darwin/23.6.0"
::ffff:192.168.1.14 - - [10/Sep/2024:15:12:23 +0000] "GET /api/v1/place-categories? HTTP/1.1" 304 - "-" "Expo/1017616 CFNetwork/1498.700.2 Darwin/23.6.0"
::ffff:192.168.1.14 - - [10/Sep/2024:15:12:23 +0000] "GET /api/v1/places?status=true&star=true HTTP/1.1" 304 - "-" "Expo/1017616 CFNetwork/1498.700.2 Darwin/23.6.0"
::ffff:192.168.1.2 - - [10/Sep/2024:15:12:24 +0000] "GET /api/v1/place-categories? HTTP/1.1" 304 - "-" "okhttp/4.9.2"
::ffff:192.168.1.2 - - [10/Sep/2024:15:12:24 +0000] "GET /api/v1/rates/top-rated-places HTTP/1.1" 304 - "-" "okhttp/4.9.2"
::ffff:192.168.1.2 - - [10/Sep/2024:15:12:24 +0000] "GET /api/v1/places?status=true&star=true HTTP/1.1" 304 - "-" "okhttp/4.9.2"
::ffff:192.168.1.14 - - [10/Sep/2024:15:12:47 +0000] "GET /api/v1/rates/top-rated-places HTTP/1.1" 304 - "-" "Expo/1017616 CFNetwork/1498.700.2 Darwin/23.6.0"
::ffff:192.168.1.14 - - [10/Sep/2024:15:12:47 +0000] "GET /api/v1/places?status=true&star=true HTTP/1.1" 304 - "-" "Expo/1017616 CFNetwork/1498.700.2 Darwin/23.6.0"
::ffff:192.168.1.2 - - [10/Sep/2024:15:12:47 +0000] "GET /api/v1/rates/top-rated-places HTTP/1.1" 200 1434 "-" "okhttp/4.9.2"
::ffff:192.168.1.2 - - [10/Sep/2024:15:12:47 +0000] "GET /api/v1/places?status=true&star=true HTTP/1.1" 304 - "-" "okhttp/4.9.2"
::ffff:192.168.1.14 - - [10/Sep/2024:15:13:26 +0000] "GET /api/v1/rates/top-rated-places HTTP/1.1" 304 - "-" "Expo/1017616 CFNetwork/1498.700.2 Darwin/23.6.0"
::ffff:192.168.1.14 - - [10/Sep/2024:15:13:26 +0000] "GET /api/v1/place-categories? HTTP/1.1" 304 - "-" "Expo/1017616 CFNetwork/1498.700.2 Darwin/23.6.0"
::ffff:192.168.1.14 - - [10/Sep/2024:15:13:26 +0000] "GET /api/v1/places?status=true&star=true HTTP/1.1" 304 - "-" "Expo/1017616 CFNetwork/1498.700.2 Darwin/23.6.0"
::ffff:192.168.1.2 - - [10/Sep/2024:15:13:26 +0000] "GET /api/v1/place-categories? HTTP/1.1" 304 - "-" "okhttp/4.9.2"
::ffff:192.168.1.2 - - [10/Sep/2024:15:13:26 +0000] "GET /api/v1/places?status=true&star=true HTTP/1.1" 304 - "-" "okhttp/4.9.2"
::ffff:192.168.1.2 - - [10/Sep/2024:15:13:26 +0000] "GET /api/v1/rates/top-rated-places HTTP/1.1" 200 1434 "-" "okhttp/4.9.2"
::ffff:192.168.1.14 - - [10/Sep/2024:15:16:42 +0000] "GET /api/v1/rates/top-rated-places HTTP/1.1" 304 - "-" "Expo/1017616 CFNetwork/1498.700.2 Darwin/23.6.0"
::ffff:192.168.1.14 - - [10/Sep/2024:15:16:42 +0000] "GET /api/v1/places?status=true&star=true HTTP/1.1" 304 - "-" "Expo/1017616 CFNetwork/1498.700.2 Darwin/23.6.0"
::ffff:192.168.1.2 - - [10/Sep/2024:15:16:42 +0000] "GET /api/v1/rates/top-rated-places HTTP/1.1" 304 - "-" "okhttp/4.9.2"
::ffff:192.168.1.2 - - [10/Sep/2024:15:16:42 +0000] "GET /api/v1/places?status=true&star=true HTTP/1.1" 304 - "-" "okhttp/4.9.2"
::ffff:192.168.1.14 - - [10/Sep/2024:15:17:08 +0000] "GET /api/v1/rates/top-rated-places HTTP/1.1" 304 - "-" "Expo/1017616 CFNetwork/1498.700.2 Darwin/23.6.0"
::ffff:192.168.1.14 - - [10/Sep/2024:15:17:08 +0000] "GET /api/v1/places?status=true&star=true HTTP/1.1" 304 - "-" "Expo/1017616 CFNetwork/1498.700.2 Darwin/23.6.0"
::ffff:192.168.1.2 - - [10/Sep/2024:15:17:08 +0000] "GET /api/v1/rates/top-rated-places HTTP/1.1" 304 - "-" "okhttp/4.9.2"
::ffff:192.168.1.2 - - [10/Sep/2024:15:17:08 +0000] "GET /api/v1/places?status=true&star=true HTTP/1.1" 304 - "-" "okhttp/4.9.2"
::ffff:192.168.1.14 - - [10/Sep/2024:15:19:39 +0000] "GET /api/v1/place-categories? HTTP/1.1" 304 - "-" "Expo/1017616 CFNetwork/1498.700.2 Darwin/23.6.0"
::ffff:192.168.1.14 - - [10/Sep/2024:15:19:39 +0000] "GET /api/v1/places?status=true&star=true HTTP/1.1" 304 - "-" "Expo/1017616 CFNetwork/1498.700.2 Darwin/23.6.0"
::ffff:192.168.1.14 - - [10/Sep/2024:15:19:39 +0000] "GET /api/v1/rates/top-rated-places HTTP/1.1" 304 - "-" "Expo/1017616 CFNetwork/1498.700.2 Darwin/23.6.0"
::ffff:192.168.1.2 - - [10/Sep/2024:15:19:39 +0000] "GET /api/v1/places?status=true&star=true HTTP/1.1" 304 - "-" "okhttp/4.9.2"
::ffff:192.168.1.2 - - [10/Sep/2024:15:19:40 +0000] "GET /api/v1/place-categories? HTTP/1.1" 304 - "-" "okhttp/4.9.2"
::ffff:192.168.1.2 - - [10/Sep/2024:15:19:40 +0000] "GET /api/v1/rates/top-rated-places HTTP/1.1" 304 - "-" "okhttp/4.9.2"
::ffff:192.168.1.14 - - [10/Sep/2024:15:21:19 +0000] "GET /api/v1/place-categories? HTTP/1.1" 304 - "-" "Expo/1017616 CFNetwork/1498.700.2 Darwin/23.6.0"
::ffff:192.168.1.14 - - [10/Sep/2024:15:21:19 +0000] "GET /api/v1/rates/top-rated-places HTTP/1.1" 304 - "-" "Expo/1017616 CFNetwork/1498.700.2 Darwin/23.6.0"
::ffff:192.168.1.14 - - [10/Sep/2024:15:21:19 +0000] "GET /api/v1/places?status=true&star=true HTTP/1.1" 304 - "-" "Expo/1017616 CFNetwork/1498.700.2 Darwin/23.6.0"
::ffff:192.168.1.2 - - [10/Sep/2024:15:21:27 +0000] "GET /api/v1/rates/top-rated-places HTTP/1.1" 200 1434 "-" "okhttp/4.9.2"
::ffff:192.168.1.2 - - [10/Sep/2024:15:21:27 +0000] "GET /api/v1/place-categories? HTTP/1.1" 304 - "-" "okhttp/4.9.2"
::ffff:192.168.1.2 - - [10/Sep/2024:15:21:27 +0000] "GET /api/v1/places?status=true&star=true HTTP/1.1" 304 - "-" "okhttp/4.9.2"
::ffff:192.168.1.14 - - [10/Sep/2024:15:27:16 +0000] "GET /api/v1/place-categories? HTTP/1.1" 304 - "-" "Expo/1017616 CFNetwork/1498.700.2 Darwin/23.6.0"
::ffff:192.168.1.14 - - [10/Sep/2024:15:27:16 +0000] "GET /api/v1/rates/top-rated-places HTTP/1.1" 304 - "-" "Expo/1017616 CFNetwork/1498.700.2 Darwin/23.6.0"
::ffff:192.168.1.14 - - [10/Sep/2024:15:27:16 +0000] "GET /api/v1/places?status=true&star=true HTTP/1.1" 304 - "-" "Expo/1017616 CFNetwork/1498.700.2 Darwin/23.6.0"
::ffff:192.168.1.2 - - [10/Sep/2024:15:27:17 +0000] "GET /api/v1/rates/top-rated-places HTTP/1.1" 304 - "-" "okhttp/4.9.2"
::ffff:192.168.1.2 - - [10/Sep/2024:15:27:17 +0000] "GET /api/v1/places?status=true&star=true HTTP/1.1" 304 - "-" "okhttp/4.9.2"
::ffff:192.168.1.2 - - [10/Sep/2024:15:27:17 +0000] "GET /api/v1/place-categories? HTTP/1.1" 304 - "-" "okhttp/4.9.2"
::ffff:192.168.1.14 - - [10/Sep/2024:15:27:42 +0000] "GET /api/v1/places? HTTP/1.1" 200 26240 "-" "Expo/1017616 CFNetwork/1498.700.2 Darwin/23.6.0"
::ffff:192.168.1.2 - - [10/Sep/2024:15:27:42 +0000] "GET /api/v1/places? HTTP/1.1" 304 - "-" "okhttp/4.9.2"
::ffff:192.168.1.14 - - [10/Sep/2024:15:28:09 +0000] "GET /api/v1/rates/top-rated-places HTTP/1.1" 200 1434 "-" "Expo/1017616 CFNetwork/1498.700.2 Darwin/23.6.0"
::ffff:192.168.1.2 - - [10/Sep/2024:15:28:10 +0000] "GET /api/v1/rates/top-rated-places HTTP/1.1" 200 1434 "-" "okhttp/4.9.2"
::ffff:192.168.1.14 - - [10/Sep/2024:15:28:16 +0000] "GET /api/v1/place-categories? HTTP/1.1" 304 - "-" "Expo/1017616 CFNetwork/1498.700.2 Darwin/23.6.0"
::ffff:192.168.1.14 - - [10/Sep/2024:15:28:16 +0000] "GET /api/v1/rates/top-rated-places HTTP/1.1" 200 1434 "-" "Expo/1017616 CFNetwork/1498.700.2 Darwin/23.6.0"
::ffff:192.168.1.14 - - [10/Sep/2024:15:28:16 +0000] "GET /api/v1/places?status=true&star=true HTTP/1.1" 304 - "-" "Expo/1017616 CFNetwork/1498.700.2 Darwin/23.6.0"
::ffff:192.168.1.14 - - [10/Sep/2024:15:28:16 +0000] "GET /api/v1/places? HTTP/1.1" 304 - "-" "Expo/1017616 CFNetwork/1498.700.2 Darwin/23.6.0"
::ffff:192.168.1.2 - - [10/Sep/2024:15:28:16 +0000] "GET /api/v1/places?status=true&star=true HTTP/1.1" 304 - "-" "okhttp/4.9.2"
::ffff:192.168.1.2 - - [10/Sep/2024:15:28:16 +0000] "GET /api/v1/rates/top-rated-places HTTP/1.1" 304 - "-" "okhttp/4.9.2"
::ffff:192.168.1.2 - - [10/Sep/2024:15:28:16 +0000] "GET /api/v1/places? HTTP/1.1" 304 - "-" "okhttp/4.9.2"
::ffff:192.168.1.2 - - [10/Sep/2024:15:28:16 +0000] "GET /api/v1/place-categories? HTTP/1.1" 304 - "-" "okhttp/4.9.2"
::ffff:192.168.1.14 - - [10/Sep/2024:15:28:22 +0000] "GET /api/v1/places?status=true&star=true HTTP/1.1" 304 - "-" "Expo/1017616 CFNetwork/1498.700.2 Darwin/23.6.0"
::ffff:192.168.1.2 - - [10/Sep/2024:15:28:23 +0000] "GET /api/v1/places?status=true&star=true HTTP/1.1" 304 - "-" "okhttp/4.9.2"
::ffff:192.168.1.14 - - [10/Sep/2024:15:28:29 +0000] "GET /api/v1/place-categories? HTTP/1.1" 304 - "-" "Expo/1017616 CFNetwork/1498.700.2 Darwin/23.6.0"
::ffff:192.168.1.14 - - [10/Sep/2024:15:28:29 +0000] "GET /api/v1/rates/top-rated-places HTTP/1.1" 200 1434 "-" "Expo/1017616 CFNetwork/1498.700.2 Darwin/23.6.0"
::ffff:192.168.1.14 - - [10/Sep/2024:15:28:29 +0000] "GET /api/v1/places?status=true&star=true HTTP/1.1" 304 - "-" "Expo/1017616 CFNetwork/1498.700.2 Darwin/23.6.0"
::ffff:192.168.1.14 - - [10/Sep/2024:15:28:29 +0000] "GET /api/v1/places? HTTP/1.1" 304 - "-" "Expo/1017616 CFNetwork/1498.700.2 Darwin/23.6.0"
::ffff:192.168.1.2 - - [10/Sep/2024:15:28:29 +0000] "GET /api/v1/places?status=true&star=true HTTP/1.1" 304 - "-" "okhttp/4.9.2"
::ffff:192.168.1.2 - - [10/Sep/2024:15:28:29 +0000] "GET /api/v1/place-categories? HTTP/1.1" 304 - "-" "okhttp/4.9.2"
::ffff:192.168.1.2 - - [10/Sep/2024:15:28:29 +0000] "GET /api/v1/rates/top-rated-places HTTP/1.1" 200 1434 "-" "okhttp/4.9.2"
::ffff:192.168.1.2 - - [10/Sep/2024:15:28:29 +0000] "GET /api/v1/places? HTTP/1.1" 304 - "-" "okhttp/4.9.2"
::ffff:192.168.1.14 - - [10/Sep/2024:15:28:55 +0000] "GET /api/v1/places? HTTP/1.1" 304 - "-" "Expo/1017616 CFNetwork/1498.700.2 Darwin/23.6.0"
::ffff:192.168.1.2 - - [10/Sep/2024:15:28:55 +0000] "GET /api/v1/places? HTTP/1.1" 304 - "-" "okhttp/4.9.2"
::ffff:192.168.1.14 - - [10/Sep/2024:15:29:52 +0000] "GET /api/v1/places? HTTP/1.1" 304 - "-" "Expo/1017616 CFNetwork/1498.700.2 Darwin/23.6.0"
::ffff:192.168.1.2 - - [10/Sep/2024:15:29:52 +0000] "GET /api/v1/places? HTTP/1.1" 304 - "-" "okhttp/4.9.2"
::ffff:192.168.1.14 - - [10/Sep/2024:15:29:54 +0000] "GET /api/v1/places? HTTP/1.1" 304 - "-" "Expo/1017616 CFNetwork/1498.700.2 Darwin/23.6.0"
::ffff:192.168.1.2 - - [10/Sep/2024:15:29:54 +0000] "GET /api/v1/places? HTTP/1.1" 304 - "-" "okhttp/4.9.2"
::ffff:192.168.1.14 - - [10/Sep/2024:15:30:19 +0000] "GET /api/v1/place-categories? HTTP/1.1" 304 - "-" "Expo/1017616 CFNetwork/1498.700.2 Darwin/23.6.0"
::ffff:192.168.1.14 - - [10/Sep/2024:15:30:19 +0000] "GET /api/v1/rates/top-rated-places HTTP/1.1" 200 1434 "-" "Expo/1017616 CFNetwork/1498.700.2 Darwin/23.6.0"
::ffff:192.168.1.14 - - [10/Sep/2024:15:30:19 +0000] "GET /api/v1/places? HTTP/1.1" 304 - "-" "Expo/1017616 CFNetwork/1498.700.2 Darwin/23.6.0"
::ffff:192.168.1.14 - - [10/Sep/2024:15:30:19 +0000] "GET /api/v1/places?status=true&star=true HTTP/1.1" 304 - "-" "Expo/1017616 CFNetwork/1498.700.2 Darwin/23.6.0"
::ffff:192.168.1.2 - - [10/Sep/2024:15:30:19 +0000] "GET /api/v1/places?status=true&star=true HTTP/1.1" 304 - "-" "okhttp/4.9.2"
::ffff:192.168.1.2 - - [10/Sep/2024:15:30:19 +0000] "GET /api/v1/rates/top-rated-places HTTP/1.1" 304 - "-" "okhttp/4.9.2"
::ffff:192.168.1.2 - - [10/Sep/2024:15:30:19 +0000] "GET /api/v1/place-categories? HTTP/1.1" 304 - "-" "okhttp/4.9.2"
::ffff:192.168.1.2 - - [10/Sep/2024:15:30:19 +0000] "GET /api/v1/places? HTTP/1.1" 304 - "-" "okhttp/4.9.2"
::ffff:192.168.1.14 - - [10/Sep/2024:15:30:46 +0000] "GET /api/v1/places/random-place-categories HTTP/1.1" 200 9142 "-" "Expo/1017616 CFNetwork/1498.700.2 Darwin/23.6.0"
::ffff:192.168.1.2 - - [10/Sep/2024:15:30:47 +0000] "GET /api/v1/places/random-place-categories HTTP/1.1" 200 22313 "-" "okhttp/4.9.2"
::ffff:192.168.1.14 - - [10/Sep/2024:15:30:50 +0000] "GET /api/v1/places/random-place-categories HTTP/1.1" 200 16369 "-" "Expo/1017616 CFNetwork/1498.700.2 Darwin/23.6.0"
::ffff:192.168.1.2 - - [10/Sep/2024:15:30:50 +0000] "GET /api/v1/places/random-place-categories HTTP/1.1" 200 14499 "-" "okhttp/4.9.2"
::ffff:192.168.1.14 - - [10/Sep/2024:15:31:25 +0000] "GET /api/v1/rates/top-rated-places HTTP/1.1" 304 - "-" "Expo/1017616 CFNetwork/1498.700.2 Darwin/23.6.0"
::ffff:192.168.1.14 - - [10/Sep/2024:15:31:25 +0000] "GET /api/v1/place-categories? HTTP/1.1" 304 - "-" "Expo/1017616 CFNetwork/1498.700.2 Darwin/23.6.0"
::ffff:192.168.1.14 - - [10/Sep/2024:15:31:25 +0000] "GET /api/v1/places/random-place-categories HTTP/1.1" 200 4358 "-" "Expo/1017616 CFNetwork/1498.700.2 Darwin/23.6.0"
::ffff:192.168.1.14 - - [10/Sep/2024:15:31:25 +0000] "GET /api/v1/places?status=true&star=true HTTP/1.1" 304 - "-" "Expo/1017616 CFNetwork/1498.700.2 Darwin/23.6.0"
::ffff:192.168.1.2 - - [10/Sep/2024:15:31:26 +0000] "GET /api/v1/place-categories? HTTP/1.1" 304 - "-" "okhttp/4.9.2"
::ffff:192.168.1.2 - - [10/Sep/2024:15:31:26 +0000] "GET /api/v1/rates/top-rated-places HTTP/1.1" 304 - "-" "okhttp/4.9.2"
::ffff:192.168.1.2 - - [10/Sep/2024:15:31:26 +0000] "GET /api/v1/places/random-place-categories HTTP/1.1" 200 4358 "-" "okhttp/4.9.2"
::ffff:192.168.1.2 - - [10/Sep/2024:15:31:26 +0000] "GET /api/v1/places?status=true&star=true HTTP/1.1" 304 - "-" "okhttp/4.9.2"
::ffff:192.168.1.14 - - [10/Sep/2024:15:31:30 +0000] "GET /api/v1/place-categories? HTTP/1.1" 304 - "-" "Expo/1017616 CFNetwork/1498.700.2 Darwin/23.6.0"
::ffff:192.168.1.14 - - [10/Sep/2024:15:31:30 +0000] "GET /api/v1/rates/top-rated-places HTTP/1.1" 304 - "-" "Expo/1017616 CFNetwork/1498.700.2 Darwin/23.6.0"
::ffff:192.168.1.14 - - [10/Sep/2024:15:31:30 +0000] "GET /api/v1/places/random-place-categories HTTP/1.1" 200 9142 "-" "Expo/1017616 CFNetwork/1498.700.2 Darwin/23.6.0"
::ffff:192.168.1.14 - - [10/Sep/2024:15:31:30 +0000] "GET /api/v1/places?status=true&star=true HTTP/1.1" 304 - "-" "Expo/1017616 CFNetwork/1498.700.2 Darwin/23.6.0"
::ffff:192.168.1.2 - - [10/Sep/2024:15:31:30 +0000] "GET /api/v1/place-categories? HTTP/1.1" 304 - "-" "okhttp/4.9.2"
::ffff:192.168.1.2 - - [10/Sep/2024:15:31:30 +0000] "GET /api/v1/places/random-place-categories HTTP/1.1" 200 4358 "-" "okhttp/4.9.2"
::ffff:192.168.1.2 - - [10/Sep/2024:15:31:30 +0000] "GET /api/v1/rates/top-rated-places HTTP/1.1" 304 - "-" "okhttp/4.9.2"
::ffff:192.168.1.2 - - [10/Sep/2024:15:31:31 +0000] "GET /api/v1/places?status=true&star=true HTTP/1.1" 304 - "-" "okhttp/4.9.2"
